
=== TEMPORAL BANDWIDTH SENSITIVITY ===
Code root:  C:/Users/rich/OneDrive - Danmarks Tekniske Universitet/JR/Publikationer/Pub_ActionSpace_NatComm/code 
Force re-run:  FALSE 


--------------------------------------------------------------
>> step2 kernels for ht05 (H_T = 0.5 h, H_D = baseline)
--------------------------------------------------------------

Vedhæfter pakke: 'dplyr'

De følgende objekter er maskerede fra 'package:stats':

    filter, lag

De følgende objekter er maskerede fra 'package:base':

    intersect, setdiff, setequal, union

Indlæser krævet pakke: viridisLite

Vedhæfter pakke: 'data.table'

De følgende objekter er maskerede fra 'package:dplyr':

    between, first, last


Vedhæfter pakke: 'MASS'

Det følgende objekt er maskeret fra 'package:dplyr':

    select


=== STEP 2: Action-Space KDE & Differences ===
Loaded: 673583 trips, 230326 sessions
Removed 7584 sessions with missing GIS
Removed 44212 sessions not starting at home
Grid created: 6429954 rows

=== RAW GRID CHECK (before KDE) ===
# A tibble: 30 × 4
   AgeGroup YearBin   mean_hours_away_grid share_no_travel_grid
   <chr>    <chr>                    <dbl>                <dbl>
 1 10-17    2007–2009                 7.67                    0
 2 10-17    2010–2012                 7.43                    0
 3 10-17    2013–2015                 7.49                    0
 4 10-17    2016–2018                 7.74                    0
 5 10-17    2019–2021                 7.08                    0
 6 10-17    2022–2024                 7.25                    0
 7 18-30    2007–2009                 6.95                    0
 8 18-30    2010–2012                 6.56                    0
 9 18-30    2013–2015                 6.35                    0
10 18-30    2016–2018                 6.52                    0
11 18-30    2019–2021                 5.52                    0
12 18-30    2022–2024                 5.68                    0
13 31-55    2007–2009                 6.73                    0
14 31-55    2010–2012                 6.55                    0
15 31-55    2013–2015                 6.50                    0
16 31-55    2016–2018                 6.75                    0
17 31-55    2019–2021                 5.71                    0
18 31-55    2022–2024                 5.78                    0
19 56-65    2007–2009                 4.76                    0
20 56-65    2010–2012                 4.65                    0
21 56-65    2013–2015                 4.58                    0
22 56-65    2016–2018                 5.36                    0
23 56-65    2019–2021                 4.93                    0
24 56-65    2022–2024                 4.78                    0
25 66+      2007–2009                 2.44                    0
26 66+      2010–2012                 2.37                    0
27 66+      2013–2015                 2.24                    0
28 66+      2016–2018                 2.45                    0
29 66+      2019–2021                 2.22                    0
30 66+      2022–2024                 2.20                    0

Estimating baseline KDEs...
   10-17 N= 1099482 
   18-30 N= 1029677 
   31-55 N= 2183135 
   56-65 N= 857639 
   66+ N= 1260021 

Estimating year-bin KDEs...
   10-17 - 2007–2009  N= 253637 
   10-17 - 2010–2012  N= 285430 
   10-17 - 2013–2015  N= 138144 
   10-17 - 2016–2018  N= 154856 
   10-17 - 2019–2021  N= 126861 
   10-17 - 2022–2024  N= 140554 
   18-30 - 2007–2009  N= 198996 
   18-30 - 2010–2012  N= 212734 
   18-30 - 2013–2015  N= 133682 
   18-30 - 2016–2018  N= 141408 
   18-30 - 2019–2021  N= 153872 
   18-30 - 2022–2024  N= 188985 
   31-55 - 2007–2009  N= 495578 
   31-55 - 2010–2012  N= 544738 
   31-55 - 2013–2015  N= 269097 
   31-55 - 2016–2018  N= 282565 
   31-55 - 2019–2021  N= 268540 
   31-55 - 2022–2024  N= 322617 
   56-65 - 2007–2009  N= 206323 
   56-65 - 2010–2012  N= 236507 
   56-65 - 2013–2015  N= 103189 
   56-65 - 2016–2018  N= 106920 
   56-65 - 2019–2021  N= 87661 
   56-65 - 2022–2024  N= 117039 
   66+ - 2007–2009  N= 223282 
   66+ - 2010–2012  N= 280905 
   66+ - 2013–2015  N= 146434 
   66+ - 2016–2018  N= 180154 
   66+ - 2019–2021  N= 177468 
   66+ - 2022–2024  N= 251778 

=== BASELINE MASS AUDIT ===
# A tibble: 5 × 5
  AgeGroup total_mass share_away_time share_home_time mean_dist
  <fct>         <dbl>           <dbl>           <dbl>     <dbl>
1 10-17             1          0.272            0.728     0.840
2 18-30             1          0.244            0.756     1.17 
3 31-55             1          0.251            0.749     1.62 
4 56-65             1          0.187            0.813     0.922
5 66+               1          0.0891           0.911     0.425

=== YEAR-BIN MASS AUDIT ===
# A tibble: 30 × 6
   AgeGroup YearBin   total_mass share_away_time share_home_time mean_dist
   <fct>    <fct>          <dbl>           <dbl>           <dbl>     <dbl>
 1 10-17    2007–2009          1          0.281            0.719     0.867
 2 10-17    2010–2012          1          0.269            0.731     0.868
 3 10-17    2013–2015          1          0.273            0.727     0.780
 4 10-17    2016–2018          1          0.285            0.715     0.836
 5 10-17    2019–2021          1          0.254            0.746     0.741
 6 10-17    2022–2024          1          0.264            0.736     0.836
 7 18-30    2007–2009          1          0.270            0.730     1.27 
 8 18-30    2010–2012          1          0.256            0.744     1.30 
 9 18-30    2013–2015          1          0.246            0.754     1.12 
10 18-30    2016–2018          1          0.254            0.746     1.17 
11 18-30    2019–2021          1          0.219            0.781     1.03 
12 18-30    2022–2024          1          0.224            0.776     1.10 
13 31-55    2007–2009          1          0.263            0.737     1.63 
14 31-55    2010–2012          1          0.259            0.741     1.64 
15 31-55    2013–2015          1          0.257            0.743     1.62 
16 31-55    2016–2018          1          0.266            0.734     1.77 
17 31-55    2019–2021          1          0.224            0.776     1.43 
18 31-55    2022–2024          1          0.231            0.769     1.47 
19 56-65    2007–2009          1          0.185            0.815     0.923
20 56-65    2010–2012          1          0.181            0.819     0.833
21 56-65    2013–2015          1          0.175            0.825     0.838
22 56-65    2016–2018          1          0.210            0.790     1.05 
23 56-65    2019–2021          1          0.192            0.808     0.997
24 56-65    2022–2024          1          0.185            0.815     0.911
25 66+      2007–2009          1          0.0896           0.910     0.410
26 66+      2010–2012          1          0.0869           0.913     0.384
27 66+      2013–2015          1          0.0854           0.915     0.386
28 66+      2016–2018          1          0.0943           0.906     0.474
29 66+      2019–2021          1          0.0881           0.912     0.474
30 66+      2022–2024          1          0.0891           0.911     0.424

Writing outputs to:  C:/Users/rich/OneDrive - Danmarks Tekniske Universitet/JR/Publikationer/Pub_ActionSpace_NatComm/Paper Results HT05/ 

✓ Saved KDEs & audits to:
   C:/Users/rich/OneDrive - Danmarks Tekniske Universitet/JR/Publikationer/Pub_ActionSpace_NatComm/Paper Results HT05/ 

Vedhæfter pakke: 'scales'

Det følgende objekt er maskeret fra 'package:viridis':

    viridis_pal


 Baseline mass quantiles (as % of day per cell):
    0%    50%    90%    95%    99%  99.5%  99.9%   100% 
0.0000 0.0001 0.0026 0.0146 0.3507 0.9022 1.0311 1.0336 

 Yearbin mass quantiles (as % of day per cell):
    0%    50%    90%    95%    99%  99.5%  99.9%   100% 
0.0000 0.0001 0.0026 0.0145 0.3640 0.9047 1.0311 1.0348 

 Abs diff mass quantiles (as % of day per cell):
    0%    50%    90%    95%    99%  99.5%  99.9%   100% 
0.0000 0.0000 0.0004 0.0010 0.0054 0.0103 0.0345 0.1116 

================================================================================
✓ STEP 2 COMPLETE
  - RDS: kde_baseline_by_cohort.rds, kde_yearbin_by_cohort.rds, kde_difference_by_cohort.rds, grid_mv_step2.rds
  - CSV: audit_baseline.csv, audit_yearbin.csv, raw_grid_check.csv
  - PNG: kde_baseline_by_cohort.png, kde_yearbin_by_cohort.png, kde_difference_by_cohort.png
================================================================================


=== Creating temporal profiles for Step 3 ===
  Checking column names...
    Baseline columns:  AgeGroup, t, d, density, mass 
    Year-bin columns:  AgeGroup, YearBin, t, d, density, mass 
    Using 'YearBin' column in yearbin_kde
  Computing baseline temporal marginals...
    Baseline:  480  rows,  5  age groups
  Computing year-bin temporal marginals...
    Year-bin:  2880  rows,  5  age groups,  6  year bins
  Applying temporal smoothing...
    ✓ Baseline smoothed
    ✓ Year-bin smoothed
  Saving temporal profiles...
  ✓ temporal_baseline_away.rds
  ✓ temporal_yearbin_away.rds

  These files are now ready for Step 3!

   AgeGroup   YearBin mean_hours_away_grid share_no_travel_grid
1     10-17 2007–2009             7.666389                    0
2     10-17 2010–2012             7.426774                    0
3     10-17 2013–2015             7.485233                    0
4     10-17 2016–2018             7.740766                    0
5     10-17 2019–2021             7.083028                    0
6     10-17 2022–2024             7.249313                    0
7     18-30 2007–2009             6.954230                    0
8     18-30 2010–2012             6.558613                    0
9     18-30 2013–2015             6.350354                    0
10    18-30 2016–2018             6.518330                    0

Session 435086 time away:
  Total away minutes: 375 
  Total away hours: 6.25 
# A tibble: 31 × 5
   SessionId TimeMSM r_rad_km d_cum_km is_away
       <int>   <dbl>    <dbl>    <dbl>   <int>
 1    435086     450      0       0          0
 2    435086     465      0       0          0
 3    435086     480      4.5     4.46       1
 4    435086     495      4.5     4.46       1
 5    435086     510      4.5     4.46       1
 6    435086     525      4.5     4.46       1
 7    435086     540      4.5     4.46       1
 8    435086     555      4.5     4.46       1
 9    435086     570      4.5     4.46       1
10    435086     585      4.5     4.46       1
11    435086     600      4.5     4.46       1
12    435086     615      4.5     4.46       1
13    435086     630      4.5     4.46       1
14    435086     645      4.5     4.46       1
15    435086     660      4.5     4.46       1
16    435086     675      4.5     4.46       1
17    435086     690      4.5     4.46       1
18    435086     705      4.5     4.46       1
19    435086     720      4.5     4.46       1
20    435086     735      4.5     4.46       1
21    435086     750      4.5     4.46       1
22    435086     765      4.5     4.46       1
23    435086     780      4.5     4.46       1
24    435086     795      4.5     4.46       1
25    435086     810      4.5     4.46       1
26    435086     825      4.5     4.46       1
27    435086     840      4.5     4.46       1
28    435086     855      0       8.92       0
29    435086     870      0       8.92       0
30    435086     885      0       8.92       0
31    435086     900      0       8.92       0

Overall average hours away by age group:
# A tibble: 5 × 2
  AgeGroup avg_hrs_away
  <chr>           <dbl>
1 10-17            7.53
2 18-30            6.34
3 31-55            6.47
4 56-65            4.85
5 66+              2.34

Raw grid hours away (should match overall_check):
   AgeGroup   YearBin mean_hours_away_grid share_no_travel_grid
1     10-17 2007–2009             7.666389                    0
7     18-30 2007–2009             6.954230                    0
13    31-55 2007–2009             6.734439                    0
19    56-65 2007–2009             4.757124                    0
25      66+ 2007–2009             2.435449                    0
Advarselsbesked:
lukker ubrugt RODBC-håndtag 1 
  staged 6 kernel files -> data/kernels/ht05

--------------------------------------------------------------
>> step2 kernels for ht20 (H_T = 2 h, H_D = baseline)
--------------------------------------------------------------

Vedhæfter pakke: 'dplyr'

De følgende objekter er maskerede fra 'package:stats':

    filter, lag

De følgende objekter er maskerede fra 'package:base':

    intersect, setdiff, setequal, union

Indlæser krævet pakke: viridisLite

Vedhæfter pakke: 'data.table'

De følgende objekter er maskerede fra 'package:dplyr':

    between, first, last


Vedhæfter pakke: 'MASS'

Det følgende objekt er maskeret fra 'package:dplyr':

    select


=== STEP 2: Action-Space KDE & Differences ===
Loaded: 673583 trips, 230326 sessions
Removed 7584 sessions with missing GIS
Removed 44212 sessions not starting at home
Grid created: 6429954 rows

=== RAW GRID CHECK (before KDE) ===
# A tibble: 30 × 4
   AgeGroup YearBin   mean_hours_away_grid share_no_travel_grid
   <chr>    <chr>                    <dbl>                <dbl>
 1 10-17    2007–2009                 7.67                    0
 2 10-17    2010–2012                 7.43                    0
 3 10-17    2013–2015                 7.49                    0
 4 10-17    2016–2018                 7.74                    0
 5 10-17    2019–2021                 7.08                    0
 6 10-17    2022–2024                 7.25                    0
 7 18-30    2007–2009                 6.95                    0
 8 18-30    2010–2012                 6.56                    0
 9 18-30    2013–2015                 6.35                    0
10 18-30    2016–2018                 6.52                    0
11 18-30    2019–2021                 5.52                    0
12 18-30    2022–2024                 5.68                    0
13 31-55    2007–2009                 6.73                    0
14 31-55    2010–2012                 6.55                    0
15 31-55    2013–2015                 6.50                    0
16 31-55    2016–2018                 6.75                    0
17 31-55    2019–2021                 5.71                    0
18 31-55    2022–2024                 5.78                    0
19 56-65    2007–2009                 4.76                    0
20 56-65    2010–2012                 4.65                    0
21 56-65    2013–2015                 4.58                    0
22 56-65    2016–2018                 5.36                    0
23 56-65    2019–2021                 4.93                    0
24 56-65    2022–2024                 4.78                    0
25 66+      2007–2009                 2.44                    0
26 66+      2010–2012                 2.37                    0
27 66+      2013–2015                 2.24                    0
28 66+      2016–2018                 2.45                    0
29 66+      2019–2021                 2.22                    0
30 66+      2022–2024                 2.20                    0

Estimating baseline KDEs...
   10-17 N= 1099482 
   18-30 N= 1029677 
   31-55 N= 2183135 
   56-65 N= 857639 
   66+ N= 1260021 

Estimating year-bin KDEs...
   10-17 - 2007–2009  N= 253637 
   10-17 - 2010–2012  N= 285430 
   10-17 - 2013–2015  N= 138144 
   10-17 - 2016–2018  N= 154856 
   10-17 - 2019–2021  N= 126861 
   10-17 - 2022–2024  N= 140554 
   18-30 - 2007–2009  N= 198996 
   18-30 - 2010–2012  N= 212734 
   18-30 - 2013–2015  N= 133682 
   18-30 - 2016–2018  N= 141408 
   18-30 - 2019–2021  N= 153872 
   18-30 - 2022–2024  N= 188985 
   31-55 - 2007–2009  N= 495578 
   31-55 - 2010–2012  N= 544738 
   31-55 - 2013–2015  N= 269097 
   31-55 - 2016–2018  N= 282565 
   31-55 - 2019–2021  N= 268540 
   31-55 - 2022–2024  N= 322617 
   56-65 - 2007–2009  N= 206323 
   56-65 - 2010–2012  N= 236507 
   56-65 - 2013–2015  N= 103189 
   56-65 - 2016–2018  N= 106920 
   56-65 - 2019–2021  N= 87661 
   56-65 - 2022–2024  N= 117039 
   66+ - 2007–2009  N= 223282 
   66+ - 2010–2012  N= 280905 
   66+ - 2013–2015  N= 146434 
   66+ - 2016–2018  N= 180154 
   66+ - 2019–2021  N= 177468 
   66+ - 2022–2024  N= 251778 

=== BASELINE MASS AUDIT ===
# A tibble: 5 × 5
  AgeGroup total_mass share_away_time share_home_time mean_dist
  <fct>         <dbl>           <dbl>           <dbl>     <dbl>
1 10-17             1          0.272            0.728     0.836
2 18-30             1          0.244            0.756     1.17 
3 31-55             1          0.251            0.749     1.62 
4 56-65             1          0.187            0.813     0.919
5 66+               1          0.0890           0.911     0.423

=== YEAR-BIN MASS AUDIT ===
# A tibble: 30 × 6
   AgeGroup YearBin   total_mass share_away_time share_home_time mean_dist
   <fct>    <fct>          <dbl>           <dbl>           <dbl>     <dbl>
 1 10-17    2007–2009          1          0.281            0.719     0.863
 2 10-17    2010–2012          1          0.269            0.731     0.864
 3 10-17    2013–2015          1          0.272            0.728     0.777
 4 10-17    2016–2018          1          0.285            0.715     0.833
 5 10-17    2019–2021          1          0.254            0.746     0.738
 6 10-17    2022–2024          1          0.264            0.736     0.832
 7 18-30    2007–2009          1          0.270            0.730     1.27 
 8 18-30    2010–2012          1          0.256            0.744     1.29 
 9 18-30    2013–2015          1          0.245            0.755     1.12 
10 18-30    2016–2018          1          0.254            0.746     1.17 
11 18-30    2019–2021          1          0.219            0.781     1.03 
12 18-30    2022–2024          1          0.224            0.776     1.09 
13 31-55    2007–2009          1          0.263            0.737     1.63 
14 31-55    2010–2012          1          0.259            0.741     1.64 
15 31-55    2013–2015          1          0.257            0.743     1.62 
16 31-55    2016–2018          1          0.266            0.734     1.77 
17 31-55    2019–2021          1          0.224            0.776     1.43 
18 31-55    2022–2024          1          0.231            0.769     1.47 
19 56-65    2007–2009          1          0.185            0.815     0.921
20 56-65    2010–2012          1          0.181            0.819     0.830
21 56-65    2013–2015          1          0.175            0.825     0.835
22 56-65    2016–2018          1          0.210            0.790     1.05 
23 56-65    2019–2021          1          0.192            0.808     0.994
24 56-65    2022–2024          1          0.185            0.815     0.910
25 66+      2007–2009          1          0.0896           0.910     0.408
26 66+      2010–2012          1          0.0869           0.913     0.382
27 66+      2013–2015          1          0.0854           0.915     0.385
28 66+      2016–2018          1          0.0943           0.906     0.472
29 66+      2019–2021          1          0.0880           0.912     0.472
30 66+      2022–2024          1          0.0891           0.911     0.423

Writing outputs to:  C:/Users/rich/OneDrive - Danmarks Tekniske Universitet/JR/Publikationer/Pub_ActionSpace_NatComm/Paper Results HT20/ 

✓ Saved KDEs & audits to:
   C:/Users/rich/OneDrive - Danmarks Tekniske Universitet/JR/Publikationer/Pub_ActionSpace_NatComm/Paper Results HT20/ 

Vedhæfter pakke: 'scales'

Det følgende objekt er maskeret fra 'package:viridis':

    viridis_pal


 Baseline mass quantiles (as % of day per cell):
    0%    50%    90%    95%    99%  99.5%  99.9%   100% 
0.0000 0.0001 0.0026 0.0148 0.3401 0.9020 1.0312 1.0336 

 Yearbin mass quantiles (as % of day per cell):
    0%    50%    90%    95%    99%  99.5%  99.9%   100% 
0.0000 0.0001 0.0026 0.0147 0.3490 0.9054 1.0312 1.0348 

 Abs diff mass quantiles (as % of day per cell):
    0%    50%    90%    95%    99%  99.5%  99.9%   100% 
0.0000 0.0000 0.0004 0.0009 0.0052 0.0101 0.0346 0.1142 

================================================================================
✓ STEP 2 COMPLETE
  - RDS: kde_baseline_by_cohort.rds, kde_yearbin_by_cohort.rds, kde_difference_by_cohort.rds, grid_mv_step2.rds
  - CSV: audit_baseline.csv, audit_yearbin.csv, raw_grid_check.csv
  - PNG: kde_baseline_by_cohort.png, kde_yearbin_by_cohort.png, kde_difference_by_cohort.png
================================================================================


=== Creating temporal profiles for Step 3 ===
  Checking column names...
    Baseline columns:  AgeGroup, t, d, density, mass 
    Year-bin columns:  AgeGroup, YearBin, t, d, density, mass 
    Using 'YearBin' column in yearbin_kde
  Computing baseline temporal marginals...
    Baseline:  480  rows,  5  age groups
  Computing year-bin temporal marginals...
    Year-bin:  2880  rows,  5  age groups,  6  year bins
  Applying temporal smoothing...
    ✓ Baseline smoothed
    ✓ Year-bin smoothed
  Saving temporal profiles...
  ✓ temporal_baseline_away.rds
  ✓ temporal_yearbin_away.rds

  These files are now ready for Step 3!

   AgeGroup   YearBin mean_hours_away_grid share_no_travel_grid
1     10-17 2007–2009             7.666389                    0
2     10-17 2010–2012             7.426774                    0
3     10-17 2013–2015             7.485233                    0
4     10-17 2016–2018             7.740766                    0
5     10-17 2019–2021             7.083028                    0
6     10-17 2022–2024             7.249313                    0
7     18-30 2007–2009             6.954230                    0
8     18-30 2010–2012             6.558613                    0
9     18-30 2013–2015             6.350354                    0
10    18-30 2016–2018             6.518330                    0

Session 435086 time away:
  Total away minutes: 375 
  Total away hours: 6.25 
# A tibble: 31 × 5
   SessionId TimeMSM r_rad_km d_cum_km is_away
       <int>   <dbl>    <dbl>    <dbl>   <int>
 1    435086     450      0       0          0
 2    435086     465      0       0          0
 3    435086     480      4.5     4.46       1
 4    435086     495      4.5     4.46       1
 5    435086     510      4.5     4.46       1
 6    435086     525      4.5     4.46       1
 7    435086     540      4.5     4.46       1
 8    435086     555      4.5     4.46       1
 9    435086     570      4.5     4.46       1
10    435086     585      4.5     4.46       1
11    435086     600      4.5     4.46       1
12    435086     615      4.5     4.46       1
13    435086     630      4.5     4.46       1
14    435086     645      4.5     4.46       1
15    435086     660      4.5     4.46       1
16    435086     675      4.5     4.46       1
17    435086     690      4.5     4.46       1
18    435086     705      4.5     4.46       1
19    435086     720      4.5     4.46       1
20    435086     735      4.5     4.46       1
21    435086     750      4.5     4.46       1
22    435086     765      4.5     4.46       1
23    435086     780      4.5     4.46       1
24    435086     795      4.5     4.46       1
25    435086     810      4.5     4.46       1
26    435086     825      4.5     4.46       1
27    435086     840      4.5     4.46       1
28    435086     855      0       8.92       0
29    435086     870      0       8.92       0
30    435086     885      0       8.92       0
31    435086     900      0       8.92       0

Overall average hours away by age group:
# A tibble: 5 × 2
  AgeGroup avg_hrs_away
  <chr>           <dbl>
1 10-17            7.53
2 18-30            6.34
3 31-55            6.47
4 56-65            4.85
5 66+              2.34

Raw grid hours away (should match overall_check):
   AgeGroup   YearBin mean_hours_away_grid share_no_travel_grid
1     10-17 2007–2009             7.666389                    0
7     18-30 2007–2009             6.954230                    0
13    31-55 2007–2009             6.734439                    0
19    56-65 2007–2009             4.757124                    0
25      66+ 2007–2009             2.435449                    0
Advarselsbesked:
lukker ubrugt RODBC-håndtag 1 
  staged 6 kernel files -> data/kernels/ht20

--------------------------------------------------------------
>> step9b - drift on both axes across temporal bandwidths
--------------------------------------------------------------

=== STEP 9b: Temporal Bandwidth Sensitivity Analysis ===

Loading H_T = 0.5 h ...
  Rows: 276480 
Loading H_T = 1 h (baseline) ...
  Rows: 276480 
Loading H_T = 2 h ...
  Rows: 276480 

Metrics computed. Periods found: 2007-2009, 2010-2012, 2013-2015, 2016-2018, 2019-2021, 2022-2024 

Drift in final period (2022-2024):
# A tibble: 15 × 4
   AgeGroup bw_label             drift_distance drift_fraction
   <fct>    <chr>                         <dbl>          <dbl>
 1 10-17    H_T = 1 h (baseline)         0.320       -0.00685 
 2 10-17    H_T = 0.5 h                  0.383       -0.00684 
 3 10-17    H_T = 2 h                    0.337       -0.00685 
 4 18-30    H_T = 1 h (baseline)         0.629       -0.0209  
 5 18-30    H_T = 0.5 h                  0.646       -0.0209  
 6 18-30    H_T = 2 h                    0.562       -0.0209  
 7 31-55    H_T = 1 h (baseline)         0.504       -0.0190  
 8 31-55    H_T = 0.5 h                  0.523       -0.0190  
 9 31-55    H_T = 2 h                    0.415       -0.0190  
10 56-65    H_T = 1 h (baseline)        -0.0454      -0.00272 
11 56-65    H_T = 0.5 h                 -0.0311      -0.00273 
12 56-65    H_T = 2 h                   -0.104       -0.00272 
13 66+      H_T = 1 h (baseline)         0.295        0.000181
14 66+      H_T = 0.5 h                  0.260        0.000184
15 66+      H_T = 2 h                    0.276        0.000182

Saved: ht_drift_bars.png
Saved: ht_drift_summary.csv
Saved: table_ht_sensitivity.tex

=== TEMPORAL BANDWIDTH DRIFT SUMMARY (final period) ===

Distance when away (km):
# A tibble: 5 × 4
  AgeGroup baseline    ht05   ht20
  <fct>       <dbl>   <dbl>  <dbl>
1 10-17      0.320   0.383   0.337
2 18-30      0.629   0.646   0.562
3 31-55      0.504   0.523   0.415
4 56-65     -0.0454 -0.0311 -0.104
5 66+        0.295   0.260   0.276

Fraction of day away:
# A tibble: 5 × 4
  AgeGroup  baseline      ht05      ht20
  <fct>        <dbl>     <dbl>     <dbl>
1 10-17    -0.00685  -0.00684  -0.00685 
2 18-30    -0.0209   -0.0209   -0.0209  
3 31-55    -0.0190   -0.0190   -0.0190  
4 56-65    -0.00272  -0.00273  -0.00272 
5 66+       0.000181  0.000184  0.000182

All signs stable across temporal bandwidths: TRUE

=== STEP 9b COMPLETE ===
Outputs in:  ./results/bandwidth_sensitivity 

=== DONE ===
  ok   results/bandwidth_sensitivity/ht_drift_summary.csv
  ok   results/bandwidth_sensitivity/ht_drift_bars.png
  ok   results/bandwidth_sensitivity/table_ht_sensitivity.tex

Paste table_ht_sensitivity.tex into NatComm_R2_supp.tex, then rewrite
response 2.4 against the numbers rather than the argument.
