Sessions the correction would change: 816 

Grid: 11,072,448 rows, 115,338 sessions
In grid and affected: 21 

Evaluating current grid...
Time bins moved off r = 0: 454 

Evaluating corrected grid...
Per-cell change (Eq. 6 and Eq. 7):
   AgeGroup   YearBin d_frac_pp d_dist_km
     <char>    <char>     <num>     <num>
1:    31-55 2019-2021   0.00308   0.00465
2:    10-17 2016-2018   0.02393  -0.00406
3:      66+ 2016-2018   0.01713  -0.00396
4:    18-30 2022-2024   0.01984   0.00387
5:    18-30 2010-2012   0.00957  -0.00229
6:    31-55 2013-2015   0.00432  -0.00165
7:    10-17 2022-2024   0.00000   0.00140
8:    10-17 2010-2012   0.00782  -0.00106

Headline drift, current vs corrected:
Key: <AgeGroup>
   AgeGroup dist_cur dist_fix  shift away_cur away_fix
     <char>    <num>    <num>  <num>    <num>    <num>
1:    10-17    5.751    5.786  0.035   -3.130   -3.157
2:    18-30    5.771    5.804  0.033   -6.349   -6.304
3:    31-55    6.609    6.608 -0.001   -6.170   -6.166
4:    56-65   12.905   12.905  0.000    8.161    8.161
5:      66+    2.916    2.923  0.007    4.176    4.135

Wrote forced_home_exact_cells.csv and forced_home_exact_drift.csv
