
############ STEP 2 SCENARIO: sex1 ############
Restrictions:  SEX_ONLY = 1 


Vedhæfter pakke: 'dplyr'

De følgende objekter er maskerede fra 'package:stats':

    filter, lag

De følgende objekter er maskerede fra 'package:base':

    intersect, setdiff, setequal, union

Indlæser krævet pakke: viridisLite

Vedhæfter pakke: 'data.table'

De følgende objekter er maskerede fra 'package:dplyr':

    between, first, last


Vedhæfter pakke: 'MASS'

Det følgende objekt er maskeret fra 'package:dplyr':

    select


=== STEP 2: Action-Space KDE & Differences ===
Loaded: 673583 trips, 230326 sessions
Removed 3226 sessions with missing GIS
Removed 427 sessions with missing/non-positive SessionWeight
Grid created: 5403936 rows

=== RAW GRID CHECK (before KDE) ===
# A tibble: 30 × 4
   AgeGroup YearBin   mean_hours_away_grid share_no_travel_grid
   <chr>    <chr>                    <dbl>                <dbl>
 1 10-17    2007–2009                 7.28                    0
 2 10-17    2010–2012                 7.20                    0
 3 10-17    2013–2015                 7.31                    0
 4 10-17    2016–2018                 7.76                    0
 5 10-17    2019–2021                 6.73                    0
 6 10-17    2022–2024                 7.03                    0
 7 18-30    2007–2009                 7.82                    0
 8 18-30    2010–2012                 7.48                    0
 9 18-30    2013–2015                 7.49                    0
10 18-30    2016–2018                 7.52                    0
11 18-30    2019–2021                 6.72                    0
12 18-30    2022–2024                 6.85                    0
13 31-55    2007–2009                 7.73                    0
14 31-55    2010–2012                 7.60                    0
15 31-55    2013–2015                 7.76                    0
16 31-55    2016–2018                 7.93                    0
17 31-55    2019–2021                 7.10                    0
18 31-55    2022–2024                 7.29                    0
19 56-65    2007–2009                 5.73                    0
20 56-65    2010–2012                 5.53                    0
21 56-65    2013–2015                 5.58                    0
22 56-65    2016–2018                 6.53                    0
23 56-65    2019–2021                 6.31                    0
24 56-65    2022–2024                 6.39                    0
25 66+      2007–2009                 2.45                    0
26 66+      2010–2012                 2.30                    0
27 66+      2013–2015                 2.26                    0
28 66+      2016–2018                 2.50                    0
29 66+      2019–2021                 2.50                    0
30 66+      2022–2024                 2.56                    0

Estimating baseline KDEs...
   10-17 N= 724896 
kde2d_w: equal-weight identity with MASS::kde2d verified
   18-30 N= 866112 
kde2d_w: equal-weight identity with MASS::kde2d verified
   31-55 N= 2061312 
kde2d_w: equal-weight identity with MASS::kde2d verified
   56-65 N= 829632 
kde2d_w: equal-weight identity with MASS::kde2d verified
   66+ N= 921984 
kde2d_w: equal-weight identity with MASS::kde2d verified

Estimating year-bin KDEs...
   10-17 - 2007–2009  N= 161952 
kde2d_w: equal-weight identity with MASS::kde2d verified
   10-17 - 2010–2012  N= 185472 
kde2d_w: equal-weight identity with MASS::kde2d verified
   10-17 - 2013–2015  N= 88608 
kde2d_w: equal-weight identity with MASS::kde2d verified
   10-17 - 2016–2018  N= 111648 
kde2d_w: equal-weight identity with MASS::kde2d verified
   10-17 - 2019–2021  N= 85056 
kde2d_w: equal-weight identity with MASS::kde2d verified
   10-17 - 2022–2024  N= 92160 
kde2d_w: equal-weight identity with MASS::kde2d verified
   18-30 - 2007–2009  N= 159744 
kde2d_w: equal-weight identity with MASS::kde2d verified
   18-30 - 2010–2012  N= 178080 
kde2d_w: equal-weight identity with MASS::kde2d verified
   18-30 - 2013–2015  N= 117696 
kde2d_w: equal-weight identity with MASS::kde2d verified
   18-30 - 2016–2018  N= 132576 
kde2d_w: equal-weight identity with MASS::kde2d verified
   18-30 - 2019–2021  N= 126240 
kde2d_w: equal-weight identity with MASS::kde2d verified
   18-30 - 2022–2024  N= 151776 
kde2d_w: equal-weight identity with MASS::kde2d verified
   31-55 - 2007–2009  N= 448128 
kde2d_w: equal-weight identity with MASS::kde2d verified
   31-55 - 2010–2012  N= 502848 
kde2d_w: equal-weight identity with MASS::kde2d verified
   31-55 - 2013–2015  N= 274848 
kde2d_w: equal-weight identity with MASS::kde2d verified
   31-55 - 2016–2018  N= 283392 
kde2d_w: equal-weight identity with MASS::kde2d verified
   31-55 - 2019–2021  N= 253536 
kde2d_w: equal-weight identity with MASS::kde2d verified
   31-55 - 2022–2024  N= 298560 
kde2d_w: equal-weight identity with MASS::kde2d verified
   56-65 - 2007–2009  N= 193248 
kde2d_w: equal-weight identity with MASS::kde2d verified
   56-65 - 2010–2012  N= 220704 
kde2d_w: equal-weight identity with MASS::kde2d verified
   56-65 - 2013–2015  N= 100128 
kde2d_w: equal-weight identity with MASS::kde2d verified
   56-65 - 2016–2018  N= 103104 
kde2d_w: equal-weight identity with MASS::kde2d verified
   56-65 - 2019–2021  N= 92352 
kde2d_w: equal-weight identity with MASS::kde2d verified
   56-65 - 2022–2024  N= 120096 
kde2d_w: equal-weight identity with MASS::kde2d verified
   66+ - 2007–2009  N= 167904 
kde2d_w: equal-weight identity with MASS::kde2d verified
   66+ - 2010–2012  N= 214272 
kde2d_w: equal-weight identity with MASS::kde2d verified
   66+ - 2013–2015  N= 120000 
kde2d_w: equal-weight identity with MASS::kde2d verified
   66+ - 2016–2018  N= 130848 
kde2d_w: equal-weight identity with MASS::kde2d verified
   66+ - 2019–2021  N= 123264 
kde2d_w: equal-weight identity with MASS::kde2d verified
   66+ - 2022–2024  N= 165696 
kde2d_w: equal-weight identity with MASS::kde2d verified

=== BASELINE MASS AUDIT ===
# A tibble: 5 × 5
  AgeGroup total_mass share_away_time share_home_time mean_dist
  <fct>         <dbl>           <dbl>           <dbl>     <dbl>
1 10-17             1          0.272            0.728      1.49
2 18-30             1          0.295            0.705      3.58
3 31-55             1          0.310            0.690      4.55
4 56-65             1          0.244            0.756      3.51
5 66+               1          0.0971           0.903      1.15

=== YEAR-BIN MASS AUDIT ===
# A tibble: 30 × 6
   AgeGroup YearBin   total_mass share_away_time share_home_time mean_dist
   <fct>    <fct>          <dbl>           <dbl>           <dbl>     <dbl>
 1 10-17    2007–2009          1          0.272            0.728     1.39 
 2 10-17    2010–2012          1          0.267            0.733     1.49 
 3 10-17    2013–2015          1          0.273            0.727     1.43 
 4 10-17    2016–2018          1          0.294            0.706     1.69 
 5 10-17    2019–2021          1          0.254            0.746     1.47 
 6 10-17    2022–2024          1          0.267            0.733     1.42 
 7 18-30    2007–2009          1          0.319            0.681     3.65 
 8 18-30    2010–2012          1          0.298            0.702     3.40 
 9 18-30    2013–2015          1          0.297            0.703     3.55 
10 18-30    2016–2018          1          0.302            0.698     3.51 
11 18-30    2019–2021          1          0.280            0.720     3.85 
12 18-30    2022–2024          1          0.278            0.722     3.55 
13 31-55    2007–2009          1          0.314            0.686     4.30 
14 31-55    2010–2012          1          0.312            0.688     4.35 
15 31-55    2013–2015          1          0.317            0.683     4.70 
16 31-55    2016–2018          1          0.324            0.676     4.85 
17 31-55    2019–2021          1          0.290            0.710     4.51 
18 31-55    2022–2024          1          0.297            0.703     4.56 
19 56-65    2007–2009          1          0.234            0.766     3.06 
20 56-65    2010–2012          1          0.222            0.778     3.05 
21 56-65    2013–2015          1          0.228            0.772     3.17 
22 56-65    2016–2018          1          0.262            0.738     3.58 
23 56-65    2019–2021          1          0.259            0.741     3.96 
24 56-65    2022–2024          1          0.262            0.738     4.25 
25 66+      2007–2009          1          0.0960           0.904     1.07 
26 66+      2010–2012          1          0.0913           0.909     1.04 
27 66+      2013–2015          1          0.0895           0.910     0.996
28 66+      2016–2018          1          0.100            0.900     1.16 
29 66+      2019–2021          1          0.100            0.900     1.31 
30 66+      2022–2024          1          0.103            0.897     1.27 

Writing outputs to:  C:\Users\rich\AppData\Local\Temp\Rtmp6N4Q3B/step2_sex1/ 

✓ Saved KDEs & audits to:
   C:\Users\rich\AppData\Local\Temp\Rtmp6N4Q3B/step2_sex1/ 

Vedhæfter pakke: 'scales'

Det følgende objekt er maskeret fra 'package:viridis':

    viridis_pal


 Baseline mass quantiles (as % of day per cell):
    0%    50%    90%    95%    99%  99.5%  99.9%   100% 
0.0000 0.0005 0.0077 0.0149 0.2895 0.8924 1.0390 1.0413 

 Yearbin mass quantiles (as % of day per cell):
    0%    50%    90%    95%    99%  99.5%  99.9%   100% 
0.0000 0.0005 0.0077 0.0150 0.2886 0.8924 1.0392 1.0416 

 Abs diff mass quantiles (as % of day per cell):
    0%    50%    90%    95%    99%  99.5%  99.9%   100% 
0.0000 0.0001 0.0009 0.0015 0.0046 0.0095 0.0363 0.1294 

================================================================================
✓ STEP 2 COMPLETE
  - RDS: kde_baseline_by_cohort.rds, kde_yearbin_by_cohort.rds, kde_difference_by_cohort.rds, grid_mv_step2.rds
  - CSV: audit_baseline.csv, audit_yearbin.csv, raw_grid_check.csv
  - PNG: kde_baseline_by_cohort.png, kde_yearbin_by_cohort.png, kde_difference_by_cohort.png
================================================================================


=== Creating temporal profiles for Step 3 ===
  Checking column names...
    Baseline columns:  AgeGroup, t, d, density, mass 
    Year-bin columns:  AgeGroup, YearBin, t, d, density, mass 
    Using 'YearBin' column in yearbin_kde
  Computing baseline temporal marginals...
    Baseline:  480  rows,  5  age groups
  Computing year-bin temporal marginals...
    Year-bin:  2880  rows,  5  age groups,  6  year bins
  Applying temporal smoothing...
    ✓ Baseline smoothed
    ✓ Year-bin smoothed
  Saving temporal profiles...
  ✓ temporal_baseline_away.rds
  ✓ temporal_yearbin_away.rds

  These files are now ready for Step 3!

   AgeGroup   YearBin mean_hours_away_grid share_no_travel_grid
1     10-17 2007–2009             7.275044                    0
2     10-17 2010–2012             7.202899                    0
3     10-17 2013–2015             7.312297                    0
4     10-17 2016–2018             7.763113                    0
5     10-17 2019–2021             6.730813                    0
6     10-17 2022–2024             7.031771                    0
7     18-30 2007–2009             7.817308                    0
8     18-30 2010–2012             7.480593                    0
9     18-30 2013–2015             7.489396                    0
10    18-30 2016–2018             7.524982                    0

Session 435086 time away:
  Total away minutes: 375 
  Total away hours: 6.25 
# A tibble: 31 × 5
   SessionId TimeMSM r_rad_km d_cum_km is_away
       <int>   <dbl>    <dbl>    <dbl>   <int>
 1    435086     450      0       0          0
 2    435086     465      0       0          0
 3    435086     480      4.5     4.46       1
 4    435086     495      4.5     4.46       1
 5    435086     510      4.5     4.46       1
 6    435086     525      4.5     4.46       1
 7    435086     540      4.5     4.46       1
 8    435086     555      4.5     4.46       1
 9    435086     570      4.5     4.46       1
10    435086     585      4.5     4.46       1
11    435086     600      4.5     4.46       1
12    435086     615      4.5     4.46       1
13    435086     630      4.5     4.46       1
14    435086     645      4.5     4.46       1
15    435086     660      4.5     4.46       1
16    435086     675      4.5     4.46       1
17    435086     690      4.5     4.46       1
18    435086     705      4.5     4.46       1
19    435086     720      4.5     4.46       1
20    435086     735      4.5     4.46       1
21    435086     750      4.5     4.46       1
22    435086     765      4.5     4.46       1
23    435086     780      4.5     4.46       1
24    435086     795      4.5     4.46       1
25    435086     810      4.5     4.46       1
26    435086     825      4.5     4.46       1
27    435086     840      4.5     4.46       1
28    435086     855      0       8.92       0
29    435086     870      0       8.92       0
30    435086     885      0       8.92       0
31    435086     900      0       8.92       0

Overall average hours away by age group:
# A tibble: 5 × 2
  AgeGroup avg_hrs_away
  <chr>           <dbl>
1 10-17            7.24
2 18-30            7.33
3 31-55            7.59
4 56-65            5.92
5 66+              2.42

Raw grid hours away (should match overall_check):
   AgeGroup   YearBin mean_hours_away_grid share_no_travel_grid
1     10-17 2007–2009             7.275044                    0
7     18-30 2007–2009             7.817308                    0
13    31-55 2007–2009             7.725686                    0
19    56-65 2007–2009             5.731868                    0
25      66+ 2007–2009             2.453116                    0

Wrote 6 kernel files to data/kernels/sex1 
Advarselsbesked:
lukker ubrugt RODBC-håndtag 1 
