
############ STEP 2 SCENARIO: sex2 ############
Restrictions:  SEX_ONLY = 2 


Vedhæfter pakke: 'dplyr'

De følgende objekter er maskerede fra 'package:stats':

    filter, lag

De følgende objekter er maskerede fra 'package:base':

    intersect, setdiff, setequal, union

Indlæser krævet pakke: viridisLite

Vedhæfter pakke: 'data.table'

De følgende objekter er maskerede fra 'package:dplyr':

    between, first, last


Vedhæfter pakke: 'MASS'

Det følgende objekt er maskeret fra 'package:dplyr':

    select


=== STEP 2: Action-Space KDE & Differences ===
Loaded: 673583 trips, 230326 sessions
Removed 3214 sessions with missing GIS
Removed 713 sessions with missing/non-positive SessionWeight
Grid created: 5668512 rows

=== RAW GRID CHECK (before KDE) ===
# A tibble: 30 × 4
   AgeGroup YearBin   mean_hours_away_grid share_no_travel_grid
   <chr>    <chr>                    <dbl>                <dbl>
 1 10-17    2007–2009                 7.53                    0
 2 10-17    2010–2012                 7.41                    0
 3 10-17    2013–2015                 7.48                    0
 4 10-17    2016–2018                 7.84                    0
 5 10-17    2019–2021                 6.94                    0
 6 10-17    2022–2024                 7.21                    0
 7 18-30    2007–2009                 7.03                    0
 8 18-30    2010–2012                 6.88                    0
 9 18-30    2013–2015                 6.80                    0
10 18-30    2016–2018                 6.93                    0
11 18-30    2019–2021                 6.10                    0
12 18-30    2022–2024                 6.50                    0
13 31-55    2007–2009                 6.79                    0
14 31-55    2010–2012                 6.69                    0
15 31-55    2013–2015                 6.77                    0
16 31-55    2016–2018                 7.00                    0
17 31-55    2019–2021                 6.15                    0
18 31-55    2022–2024                 6.17                    0
19 56-65    2007–2009                 4.75                    0
20 56-65    2010–2012                 4.76                    0
21 56-65    2013–2015                 4.99                    0
22 56-65    2016–2018                 5.64                    0
23 56-65    2019–2021                 5.29                    0
24 56-65    2022–2024                 5.51                    0
25 66+      2007–2009                 2.11                    0
26 66+      2010–2012                 2.07                    0
27 66+      2013–2015                 2.05                    0
28 66+      2016–2018                 2.37                    0
29 66+      2019–2021                 2.08                    0
30 66+      2022–2024                 2.17                    0

Estimating baseline KDEs...
   10-17 N= 685728 
kde2d_w: equal-weight identity with MASS::kde2d verified
   18-30 N= 841248 
kde2d_w: equal-weight identity with MASS::kde2d verified
   31-55 N= 2192064 
kde2d_w: equal-weight identity with MASS::kde2d verified
   56-65 N= 886560 
kde2d_w: equal-weight identity with MASS::kde2d verified
   66+ N= 1062912 
kde2d_w: equal-weight identity with MASS::kde2d verified

Estimating year-bin KDEs...
   10-17 - 2007–2009  N= 157344 
kde2d_w: equal-weight identity with MASS::kde2d verified
   10-17 - 2010–2012  N= 172704 
kde2d_w: equal-weight identity with MASS::kde2d verified
   10-17 - 2013–2015  N= 88032 
kde2d_w: equal-weight identity with MASS::kde2d verified
   10-17 - 2016–2018  N= 104160 
kde2d_w: equal-weight identity with MASS::kde2d verified
   10-17 - 2019–2021  N= 75168 
kde2d_w: equal-weight identity with MASS::kde2d verified
   10-17 - 2022–2024  N= 88320 
kde2d_w: equal-weight identity with MASS::kde2d verified
   18-30 - 2007–2009  N= 166464 
kde2d_w: equal-weight identity with MASS::kde2d verified
   18-30 - 2010–2012  N= 178080 
kde2d_w: equal-weight identity with MASS::kde2d verified
   18-30 - 2013–2015  N= 111168 
kde2d_w: equal-weight identity with MASS::kde2d verified
   18-30 - 2016–2018  N= 116640 
kde2d_w: equal-weight identity with MASS::kde2d verified
   18-30 - 2019–2021  N= 120288 
kde2d_w: equal-weight identity with MASS::kde2d verified
   18-30 - 2022–2024  N= 148608 
kde2d_w: equal-weight identity with MASS::kde2d verified
   31-55 - 2007–2009  N= 512256 
kde2d_w: equal-weight identity with MASS::kde2d verified
   31-55 - 2010–2012  N= 567168 
kde2d_w: equal-weight identity with MASS::kde2d verified
   31-55 - 2013–2015  N= 283296 
kde2d_w: equal-weight identity with MASS::kde2d verified
   31-55 - 2016–2018  N= 278400 
kde2d_w: equal-weight identity with MASS::kde2d verified
   31-55 - 2019–2021  N= 247296 
kde2d_w: equal-weight identity with MASS::kde2d verified
   31-55 - 2022–2024  N= 303648 
kde2d_w: equal-weight identity with MASS::kde2d verified
   56-65 - 2007–2009  N= 203520 
kde2d_w: equal-weight identity with MASS::kde2d verified
   56-65 - 2010–2012  N= 242688 
kde2d_w: equal-weight identity with MASS::kde2d verified
   56-65 - 2013–2015  N= 110304 
kde2d_w: equal-weight identity with MASS::kde2d verified
   56-65 - 2016–2018  N= 114528 
kde2d_w: equal-weight identity with MASS::kde2d verified
   56-65 - 2019–2021  N= 91008 
kde2d_w: equal-weight identity with MASS::kde2d verified
   56-65 - 2022–2024  N= 124512 
kde2d_w: equal-weight identity with MASS::kde2d verified
   66+ - 2007–2009  N= 202656 
kde2d_w: equal-weight identity with MASS::kde2d verified
   66+ - 2010–2012  N= 259392 
kde2d_w: equal-weight identity with MASS::kde2d verified
   66+ - 2013–2015  N= 133632 
kde2d_w: equal-weight identity with MASS::kde2d verified
   66+ - 2016–2018  N= 138240 
kde2d_w: equal-weight identity with MASS::kde2d verified
   66+ - 2019–2021  N= 144576 
kde2d_w: equal-weight identity with MASS::kde2d verified
   66+ - 2022–2024  N= 184416 
kde2d_w: equal-weight identity with MASS::kde2d verified

=== BASELINE MASS AUDIT ===
# A tibble: 5 × 5
  AgeGroup total_mass share_away_time share_home_time mean_dist
  <fct>         <dbl>           <dbl>           <dbl>     <dbl>
1 10-17             1          0.280            0.720     1.58 
2 18-30             1          0.269            0.731     2.92 
3 31-55             1          0.267            0.733     3.24 
4 56-65             1          0.208            0.792     2.52 
5 66+               1          0.0822           0.918     0.822

=== YEAR-BIN MASS AUDIT ===
# A tibble: 30 × 6
   AgeGroup YearBin   total_mass share_away_time share_home_time mean_dist
   <fct>    <fct>          <dbl>           <dbl>           <dbl>     <dbl>
 1 10-17    2007–2009          1          0.283            0.717     1.48 
 2 10-17    2010–2012          1          0.280            0.720     1.54 
 3 10-17    2013–2015          1          0.285            0.715     1.65 
 4 10-17    2016–2018          1          0.298            0.702     1.65 
 5 10-17    2019–2021          1          0.256            0.744     1.41 
 6 10-17    2022–2024          1          0.274            0.726     1.73 
 7 18-30    2007–2009          1          0.283            0.717     2.90 
 8 18-30    2010–2012          1          0.273            0.727     2.90 
 9 18-30    2013–2015          1          0.277            0.723     3.02 
10 18-30    2016–2018          1          0.277            0.723     3.06 
11 18-30    2019–2021          1          0.248            0.752     2.71 
12 18-30    2022–2024          1          0.258            0.742     2.89 
13 31-55    2007–2009          1          0.274            0.726     3.03 
14 31-55    2010–2012          1          0.273            0.727     3.26 
15 31-55    2013–2015          1          0.274            0.726     3.31 
16 31-55    2016–2018          1          0.280            0.720     3.47 
17 31-55    2019–2021          1          0.247            0.753     3.05 
18 31-55    2022–2024          1          0.251            0.749     3.30 
19 56-65    2007–2009          1          0.189            0.811     1.99 
20 56-65    2010–2012          1          0.199            0.801     2.27 
21 56-65    2013–2015          1          0.199            0.801     2.53 
22 56-65    2016–2018          1          0.225            0.775     2.71 
23 56-65    2019–2021          1          0.214            0.786     2.62 
24 56-65    2022–2024          1          0.223            0.777     2.97 
25 66+      2007–2009          1          0.0808           0.919     0.684
26 66+      2010–2012          1          0.0790           0.921     0.764
27 66+      2013–2015          1          0.0813           0.919     0.821
28 66+      2016–2018          1          0.0883           0.912     0.983
29 66+      2019–2021          1          0.0795           0.921     0.869
30 66+      2022–2024          1          0.0831           0.917     0.781

Writing outputs to:  C:\Users\rich\AppData\Local\Temp\RtmpodFUix/step2_sex2/ 

✓ Saved KDEs & audits to:
   C:\Users\rich\AppData\Local\Temp\RtmpodFUix/step2_sex2/ 

Vedhæfter pakke: 'scales'

Det følgende objekt er maskeret fra 'package:viridis':

    viridis_pal


 Baseline mass quantiles (as % of day per cell):
    0%    50%    90%    95%    99%  99.5%  99.9%   100% 
0.0000 0.0004 0.0067 0.0144 0.3356 0.9024 1.0401 1.0412 

 Yearbin mass quantiles (as % of day per cell):
    0%    50%    90%    95%    99%  99.5%  99.9%   100% 
0.0000 0.0003 0.0067 0.0145 0.3368 0.9053 1.0399 1.0421 

 Abs diff mass quantiles (as % of day per cell):
    0%    50%    90%    95%    99%  99.5%  99.9%   100% 
0.0000 0.0001 0.0008 0.0014 0.0041 0.0090 0.0321 0.1127 

================================================================================
✓ STEP 2 COMPLETE
  - RDS: kde_baseline_by_cohort.rds, kde_yearbin_by_cohort.rds, kde_difference_by_cohort.rds, grid_mv_step2.rds
  - CSV: audit_baseline.csv, audit_yearbin.csv, raw_grid_check.csv
  - PNG: kde_baseline_by_cohort.png, kde_yearbin_by_cohort.png, kde_difference_by_cohort.png
================================================================================


=== Creating temporal profiles for Step 3 ===
  Checking column names...
    Baseline columns:  AgeGroup, t, d, density, mass 
    Year-bin columns:  AgeGroup, YearBin, t, d, density, mass 
    Using 'YearBin' column in yearbin_kde
  Computing baseline temporal marginals...
    Baseline:  480  rows,  5  age groups
  Computing year-bin temporal marginals...
    Year-bin:  2880  rows,  5  age groups,  6  year bins
  Applying temporal smoothing...
    ✓ Baseline smoothed
    ✓ Year-bin smoothed
  Saving temporal profiles...
  ✓ temporal_baseline_away.rds
  ✓ temporal_yearbin_away.rds

  These files are now ready for Step 3!

   AgeGroup   YearBin mean_hours_away_grid share_no_travel_grid
1     10-17 2007–2009             7.528218                    0
2     10-17 2010–2012             7.410228                    0
3     10-17 2013–2015             7.475736                    0
4     10-17 2016–2018             7.841475                    0
5     10-17 2019–2021             6.940294                    0
6     10-17 2022–2024             7.213587                    0
7     18-30 2007–2009             7.029556                    0
8     18-30 2010–2012             6.877628                    0
9     18-30 2013–2015             6.803756                    0
10    18-30 2016–2018             6.928189                    0

Session 435086 time away:
  Total away minutes: 0 
  Total away hours: 0 
# A tibble: 0 × 5
# ℹ 5 variables: SessionId <int>, TimeMSM <dbl>, r_rad_km <dbl>,
#   d_cum_km <dbl>, is_away <int>

Overall average hours away by age group:
# A tibble: 5 × 2
  AgeGroup avg_hrs_away
  <chr>           <dbl>
1 10-17            7.43
2 18-30            6.73
3 31-55            6.63
4 56-65            5.06
5 66+              2.13

Raw grid hours away (should match overall_check):
   AgeGroup   YearBin mean_hours_away_grid share_no_travel_grid
1     10-17 2007–2009             7.528218                    0
7     18-30 2007–2009             7.029556                    0
13    31-55 2007–2009             6.787762                    0
19    56-65 2007–2009             4.750825                    0
25      66+ 2007–2009             2.110966                    0

Wrote 6 kernel files to data/kernels/sex2 
Advarselsbesked:
lukker ubrugt RODBC-håndtag 1 
