
############ STEP 2 SCENARIO: city_50000 ############
Restrictions:  CITY_MIN = 50000 


Vedhæfter pakke: 'dplyr'

De følgende objekter er maskerede fra 'package:stats':

    filter, lag

De følgende objekter er maskerede fra 'package:base':

    intersect, setdiff, setequal, union

Indlæser krævet pakke: viridisLite

Vedhæfter pakke: 'data.table'

De følgende objekter er maskerede fra 'package:dplyr':

    between, first, last


Vedhæfter pakke: 'MASS'

Det følgende objekt er maskeret fra 'package:dplyr':

    select


=== STEP 2: Action-Space KDE & Differences ===
Loaded: 673583 trips, 230326 sessions
Removed 1963 sessions with missing GIS
Removed 408 sessions with missing/non-positive SessionWeight
Grid created: 4096992 rows

=== RAW GRID CHECK (before KDE) ===
# A tibble: 30 × 4
   AgeGroup YearBin   mean_hours_away_grid share_no_travel_grid
   <chr>    <chr>                    <dbl>                <dbl>
 1 10-17    2007–2009                 7.67                    0
 2 10-17    2010–2012                 7.53                    0
 3 10-17    2013–2015                 7.46                    0
 4 10-17    2016–2018                 7.79                    0
 5 10-17    2019–2021                 6.89                    0
 6 10-17    2022–2024                 7.17                    0
 7 18-30    2007–2009                 7.55                    0
 8 18-30    2010–2012                 7.33                    0
 9 18-30    2013–2015                 7.33                    0
10 18-30    2016–2018                 7.31                    0
11 18-30    2019–2021                 6.33                    0
12 18-30    2022–2024                 6.74                    0
13 31-55    2007–2009                 7.30                    0
14 31-55    2010–2012                 7.24                    0
15 31-55    2013–2015                 7.23                    0
16 31-55    2016–2018                 7.52                    0
17 31-55    2019–2021                 6.56                    0
18 31-55    2022–2024                 6.72                    0
19 56-65    2007–2009                 5.47                    0
20 56-65    2010–2012                 5.42                    0
21 56-65    2013–2015                 5.55                    0
22 56-65    2016–2018                 6.43                    0
23 56-65    2019–2021                 5.93                    0
24 56-65    2022–2024                 5.98                    0
25 66+      2007–2009                 2.49                    0
26 66+      2010–2012                 2.30                    0
27 66+      2013–2015                 2.28                    0
28 66+      2016–2018                 2.62                    0
29 66+      2019–2021                 2.37                    0
30 66+      2022–2024                 2.53                    0

Estimating baseline KDEs...
   10-17 N= 438144 
kde2d_w: equal-weight identity with MASS::kde2d verified
   18-30 N= 911040 
kde2d_w: equal-weight identity with MASS::kde2d verified
   31-55 N= 1568448 
kde2d_w: equal-weight identity with MASS::kde2d verified
   56-65 N= 534912 
kde2d_w: equal-weight identity with MASS::kde2d verified
   66+ N= 644448 
kde2d_w: equal-weight identity with MASS::kde2d verified

Estimating year-bin KDEs...
   10-17 - 2007–2009  N= 87936 
kde2d_w: equal-weight identity with MASS::kde2d verified
   10-17 - 2010–2012  N= 95520 
kde2d_w: equal-weight identity with MASS::kde2d verified
   10-17 - 2013–2015  N= 55104 
kde2d_w: equal-weight identity with MASS::kde2d verified
   10-17 - 2016–2018  N= 60864 
kde2d_w: equal-weight identity with MASS::kde2d verified
   10-17 - 2019–2021  N= 62976 
kde2d_w: equal-weight identity with MASS::kde2d verified
   10-17 - 2022–2024  N= 75744 
kde2d_w: equal-weight identity with MASS::kde2d verified
   18-30 - 2007–2009  N= 154464 
kde2d_w: equal-weight identity with MASS::kde2d verified
   18-30 - 2010–2012  N= 167616 
kde2d_w: equal-weight identity with MASS::kde2d verified
   18-30 - 2013–2015  N= 115008 
kde2d_w: equal-weight identity with MASS::kde2d verified
   18-30 - 2016–2018  N= 131232 
kde2d_w: equal-weight identity with MASS::kde2d verified
   18-30 - 2019–2021  N= 148128 
kde2d_w: equal-weight identity with MASS::kde2d verified
   18-30 - 2022–2024  N= 194592 
kde2d_w: equal-weight identity with MASS::kde2d verified
   31-55 - 2007–2009  N= 297888 
kde2d_w: equal-weight identity with MASS::kde2d verified
   31-55 - 2010–2012  N= 339936 
kde2d_w: equal-weight identity with MASS::kde2d verified
   31-55 - 2013–2015  N= 192864 
kde2d_w: equal-weight identity with MASS::kde2d verified
   31-55 - 2016–2018  N= 225216 
kde2d_w: equal-weight identity with MASS::kde2d verified
   31-55 - 2019–2021  N= 221184 
kde2d_w: equal-weight identity with MASS::kde2d verified
   31-55 - 2022–2024  N= 291360 
kde2d_w: equal-weight identity with MASS::kde2d verified
   56-65 - 2007–2009  N= 106848 
kde2d_w: equal-weight identity with MASS::kde2d verified
   56-65 - 2010–2012  N= 125472 
kde2d_w: equal-weight identity with MASS::kde2d verified
   56-65 - 2013–2015  N= 59616 
kde2d_w: equal-weight identity with MASS::kde2d verified
   56-65 - 2016–2018  N= 72480 
kde2d_w: equal-weight identity with MASS::kde2d verified
   56-65 - 2019–2021  N= 63936 
kde2d_w: equal-weight identity with MASS::kde2d verified
   56-65 - 2022–2024  N= 106560 
kde2d_w: equal-weight identity with MASS::kde2d verified
   66+ - 2007–2009  N= 104064 
kde2d_w: equal-weight identity with MASS::kde2d verified
   66+ - 2010–2012  N= 134688 
kde2d_w: equal-weight identity with MASS::kde2d verified
   66+ - 2013–2015  N= 71136 
kde2d_w: equal-weight identity with MASS::kde2d verified
   66+ - 2016–2018  N= 88704 
kde2d_w: equal-weight identity with MASS::kde2d verified
   66+ - 2019–2021  N= 94656 
kde2d_w: equal-weight identity with MASS::kde2d verified
   66+ - 2022–2024  N= 151200 
kde2d_w: equal-weight identity with MASS::kde2d verified

=== BASELINE MASS AUDIT ===
# A tibble: 5 × 5
  AgeGroup total_mass share_away_time share_home_time mean_dist
  <fct>         <dbl>           <dbl>           <dbl>     <dbl>
1 10-17             1          0.271            0.729     1.00 
2 18-30             1          0.282            0.718     2.27 
3 31-55             1          0.287            0.713     2.61 
4 56-65             1          0.236            0.764     2.23 
5 66+               1          0.0950           0.905     0.767

=== YEAR-BIN MASS AUDIT ===
# A tibble: 30 × 6
   AgeGroup YearBin   total_mass share_away_time share_home_time mean_dist
   <fct>    <fct>          <dbl>           <dbl>           <dbl>     <dbl>
 1 10-17    2007–2009          1          0.285            0.715     1.04 
 2 10-17    2010–2012          1          0.271            0.729     0.985
 3 10-17    2013–2015          1          0.276            0.724     1.03 
 4 10-17    2016–2018          1          0.291            0.709     1.05 
 5 10-17    2019–2021          1          0.245            0.755     0.810
 6 10-17    2022–2024          1          0.261            0.739     1.07 
 7 18-30    2007–2009          1          0.304            0.696     2.30 
 8 18-30    2010–2012          1          0.288            0.712     2.22 
 9 18-30    2013–2015          1          0.291            0.709     2.17 
10 18-30    2016–2018          1          0.291            0.709     2.37 
11 18-30    2019–2021          1          0.257            0.743     2.33 
12 18-30    2022–2024          1          0.268            0.732     2.24 
13 31-55    2007–2009          1          0.295            0.705     2.55 
14 31-55    2010–2012          1          0.297            0.703     2.61 
15 31-55    2013–2015          1          0.292            0.708     2.62 
16 31-55    2016–2018          1          0.302            0.698     2.79 
17 31-55    2019–2021          1          0.264            0.736     2.56 
18 31-55    2022–2024          1          0.269            0.731     2.55 
19 56-65    2007–2009          1          0.223            0.777     1.90 
20 56-65    2010–2012          1          0.224            0.776     1.93 
21 56-65    2013–2015          1          0.223            0.777     2.06 
22 56-65    2016–2018          1          0.256            0.744     2.38 
23 56-65    2019–2021          1          0.245            0.755     2.44 
24 56-65    2022–2024          1          0.242            0.758     2.60 
25 66+      2007–2009          1          0.0927           0.907     0.594
26 66+      2010–2012          1          0.0885           0.912     0.751
27 66+      2013–2015          1          0.0923           0.908     0.708
28 66+      2016–2018          1          0.0991           0.901     0.897
29 66+      2019–2021          1          0.0915           0.909     0.805
30 66+      2022–2024          1          0.103            0.897     0.793

Writing outputs to:  C:\Users\rich\AppData\Local\Temp\RtmpkH8HQC/step2_city_50000/ 

✓ Saved KDEs & audits to:
   C:\Users\rich\AppData\Local\Temp\RtmpkH8HQC/step2_city_50000/ 

Vedhæfter pakke: 'scales'

Det følgende objekt er maskeret fra 'package:viridis':

    viridis_pal


 Baseline mass quantiles (as % of day per cell):
    0%    50%    90%    95%    99%  99.5%  99.9%   100% 
0.0000 0.0002 0.0062 0.0180 0.3221 0.8971 1.0398 1.0415 

 Yearbin mass quantiles (as % of day per cell):
    0%    50%    90%    95%    99%  99.5%  99.9%   100% 
0.0000 0.0002 0.0062 0.0180 0.3153 0.8989 1.0398 1.0425 

 Abs diff mass quantiles (as % of day per cell):
    0%    50%    90%    95%    99%  99.5%  99.9%   100% 
0.0000 0.0001 0.0009 0.0016 0.0054 0.0109 0.0372 0.1157 

================================================================================
✓ STEP 2 COMPLETE
  - RDS: kde_baseline_by_cohort.rds, kde_yearbin_by_cohort.rds, kde_difference_by_cohort.rds, grid_mv_step2.rds
  - CSV: audit_baseline.csv, audit_yearbin.csv, raw_grid_check.csv
  - PNG: kde_baseline_by_cohort.png, kde_yearbin_by_cohort.png, kde_difference_by_cohort.png
================================================================================


=== Creating temporal profiles for Step 3 ===
  Checking column names...
    Baseline columns:  AgeGroup, t, d, density, mass 
    Year-bin columns:  AgeGroup, YearBin, t, d, density, mass 
    Using 'YearBin' column in yearbin_kde
  Computing baseline temporal marginals...
    Baseline:  480  rows,  5  age groups
  Computing year-bin temporal marginals...
    Year-bin:  2880  rows,  5  age groups,  6  year bins
  Applying temporal smoothing...
    ✓ Baseline smoothed
    ✓ Year-bin smoothed
  Saving temporal profiles...
  ✓ temporal_baseline_away.rds
  ✓ temporal_yearbin_away.rds

  These files are now ready for Step 3!

   AgeGroup   YearBin mean_hours_away_grid share_no_travel_grid
1     10-17 2007–2009             7.670033                    0
2     10-17 2010–2012             7.530402                    0
3     10-17 2013–2015             7.462979                    0
4     10-17 2016–2018             7.789038                    0
5     10-17 2019–2021             6.892530                    0
6     10-17 2022–2024             7.167300                    0
7     18-30 2007–2009             7.545991                    0
8     18-30 2010–2012             7.328465                    0
9     18-30 2013–2015             7.331803                    0
10    18-30 2016–2018             7.312363                    0

Session 435086 time away:
  Total away minutes: 375 
  Total away hours: 6.25 
# A tibble: 31 × 5
   SessionId TimeMSM r_rad_km d_cum_km is_away
       <int>   <dbl>    <dbl>    <dbl>   <int>
 1    435086     450      0       0          0
 2    435086     465      0       0          0
 3    435086     480      4.5     4.46       1
 4    435086     495      4.5     4.46       1
 5    435086     510      4.5     4.46       1
 6    435086     525      4.5     4.46       1
 7    435086     540      4.5     4.46       1
 8    435086     555      4.5     4.46       1
 9    435086     570      4.5     4.46       1
10    435086     585      4.5     4.46       1
11    435086     600      4.5     4.46       1
12    435086     615      4.5     4.46       1
13    435086     630      4.5     4.46       1
14    435086     645      4.5     4.46       1
15    435086     660      4.5     4.46       1
16    435086     675      4.5     4.46       1
17    435086     690      4.5     4.46       1
18    435086     705      4.5     4.46       1
19    435086     720      4.5     4.46       1
20    435086     735      4.5     4.46       1
21    435086     750      4.5     4.46       1
22    435086     765      4.5     4.46       1
23    435086     780      4.5     4.46       1
24    435086     795      4.5     4.46       1
25    435086     810      4.5     4.46       1
26    435086     825      4.5     4.46       1
27    435086     840      4.5     4.46       1
28    435086     855      0       8.92       0
29    435086     870      0       8.92       0
30    435086     885      0       8.92       0
31    435086     900      0       8.92       0

Overall average hours away by age group:
# A tibble: 5 × 2
  AgeGroup avg_hrs_away
  <chr>           <dbl>
1 10-17            7.43
2 18-30            7.08
3 31-55            7.10
4 56-65            5.75
5 66+              2.44

Raw grid hours away (should match overall_check):
   AgeGroup   YearBin mean_hours_away_grid share_no_travel_grid
1     10-17 2007–2009             7.670033                    0
7     18-30 2007–2009             7.545991                    0
13    31-55 2007–2009             7.299065                    0
19    56-65 2007–2009             5.468104                    0
25      66+ 2007–2009             2.490314                    0

Wrote 6 kernel files to data/kernels/city_50000 
Advarselsbesked:
lukker ubrugt RODBC-håndtag 1 
