
Vedhæfter pakke: 'dplyr'

De følgende objekter er maskerede fra 'package:stats':

    filter, lag

De følgende objekter er maskerede fra 'package:base':

    intersect, setdiff, setequal, union


=== LOADING DATA ===
Loaded: 673583 trips, 230326 sessions

=== SUMMARY STATISTICS (2007+) ===
# A tibble: 90 × 13
   AgeGroup  Year     n share_no_trips avg_distance_km sd_distance_km
   <ord>    <int> <int>          <dbl>           <dbl>          <dbl>
 1 10-17     2007  1173         0.0708            13.4           29.2
 2 18-30     2007  1238         0.0711            28.6           39.8
 3 31-55     2007  3508         0.0909            35.5           53.8
 4 56-65     2007  1442         0.152             27.7           52.0
 5 66+       2007  1257         0.268             13.7           30.9
 6 10-17     2008  1104         0.0743            12.7           24.3
 7 18-30     2008  1199         0.0809            30.3           44.5
 8 31-55     2008  3196         0.0745            35.6           52.3
 9 56-65     2008  1326         0.127             26.2           43.4
10 66+       2008  1242         0.257             14.8           32.4
11 10-17     2009  1515         0.0752            16.1           29.8
12 18-30     2009  1555         0.0849            28.0           40.4
13 31-55     2009  4531         0.0715            36.6           50.0
14 56-65     2009  1901         0.139             27.8           44.9
15 66+       2009  1771         0.251             17.2           36.0
16 10-17     2010  2010         0.0841            14.8           26.7
17 18-30     2010  1963         0.0958            28.8           42.3
18 31-55     2010  5704         0.0922            33.9           47.7
19 56-65     2010  2537         0.166             27.1           45.9
20 66+       2010  2406         0.278             14.4           32.8
21 10-17     2011  1514         0.0911            12.6           21.5
22 18-30     2011  1503         0.0785            27.0           39.7
23 31-55     2011  4310         0.0759            34.5           47.7
24 56-65     2011  1917         0.159             26.2           44.7
25 66+       2011  2078         0.301             13.9           33.9
26 10-17     2012   705         0.0837            13.2           24.8
27 18-30     2012   929         0.0678            30.2           43.3
28 31-55     2012  2294         0.0697            35.5           48.8
29 56-65     2012   915         0.140             27.7           45.5
30 66+       2012  1029         0.282             17.4           35.5
31 10-17     2013   668         0.0883            12.6           26.0
32 18-30     2013   912         0.0855            30.3           44.9
33 31-55     2013  2088         0.0656            35.8           50.2
34 56-65     2013   835         0.128             28.3           45.4
35 66+       2013   946         0.291             13.9           29.8
36 10-17     2014   710         0.0887            13.5           24.8
37 18-30     2014   947         0.0971            28.9           41.8
38 31-55     2014  2219         0.0816            37.4           52.1
39 56-65     2014   809         0.147             27.3           45.0
40 66+       2014  1006         0.245             18.0           37.9
41 10-17     2015   650         0.08              12.1           20.4
42 18-30     2015   834         0.0923            28.1           42.5
43 31-55     2015  2016         0.0625            39.7           55.0
44 56-65     2015   785         0.120             28.4           39.8
45 66+       2015   923         0.241             17.7           38.7
46 10-17     2016   580         0.0603            15.5           28.4
47 18-30     2016   895         0.0838            30.5           45.6
48 31-55     2016  2075         0.0646            37.8           49.0
49 56-65     2016   799         0.106             34.1           54.9
50 66+       2016   957         0.228             15.6           27.6
51 10-17     2017   615         0.0894            14.2           24.9
52 18-30     2017   879         0.0956            30.6           47.4
53 31-55     2017  2334         0.0673            40.1           55.3
54 56-65     2017   930         0.114             33.7           52.1
55 66+       2017  1171         0.225             18.4           36.2
56 10-17     2018  1357         0.108             15.1           21.6
57 18-30     2018  1199         0.0942            28.3           44.8
58 31-55     2018  2040         0.0902            37.1           51.9
59 56-65     2018   766         0.125             30.4           46.3
60 66+       2018  1250         0.294             15.2           38.2
61 10-17     2019   676         0.0932            13.4           26.4
62 18-30     2019   988         0.107             27.4           42.7
63 31-55     2019  2000         0.0945            36.6           52.5
64 56-65     2019   777         0.136             31.0           47.0
65 66+       2019  1339         0.313             17.0           37.1
66 10-17     2020   654         0.106             12.8           26.6
67 18-30     2020  1113         0.106             26.6           43.1
68 31-55     2020  2108         0.0916            32.6           45.7
69 56-65     2020   731         0.130             33.9           56.0
70 66+       2020  1104         0.262             16.1           32.2
71 10-17     2021   524         0.124             13.0           27.7
72 18-30     2021   879         0.114             25.2           40.9
73 31-55     2021  1739         0.0799            31.2           46.0
74 56-65     2021   641         0.103             32.9           49.4
75 66+       2021  1037         0.257             16.8           39.7
76 10-17     2022   712         0.107             13.2           22.8
77 18-30     2022  1203         0.105             26.9           47.6
78 31-55     2022  2059         0.108             33.2           49.2
79 56-65     2022   895         0.132             33.1           51.7
80 66+       2022  1609         0.268             14.3           28.9
81 10-17     2023   713         0.0996            14.4           33.5
82 18-30     2023  1180         0.121             27.9           46.1
83 31-55     2023  2322         0.0973            33.8           48.5
84 56-65     2023  1023         0.125             33.7           50.8
85 66+       2023  1500         0.265             14.9           34.1
86 10-17     2024   687         0.105             13.3           25.6
87 18-30     2024  1201         0.117             26.8           40.9
88 31-55     2024  2432         0.0975            34.5           50.1
89 56-65     2024   880         0.116             29.4           41.9
90 66+       2024  1324         0.226             18.3           37.9
# ℹ 7 more variables: avg_hours_away <dbl>, sd_hours_away <dbl>,
#   avg_first_trip_h <dbl>, sd_first_trip_h <dbl>, n_trippers <int>,
#   avg_last_trip_h <dbl>, sd_last_trip_h <dbl>

=== SUMMARY STATISTICS (2007+) ===
# A tibble: 5 × 7
  AgeGroup     n share_no_trips avg_distance_km avg_hours_away avg_first_trip_h
  <ord>    <int>          <dbl>           <dbl>          <dbl>            <dbl>
1 10-17    16567         0.0888            13.8           8.11             8.42
2 18-30    20617         0.0940            28.3           8.23             9.23
3 31-55    48975         0.0821            35.5           8.52             8.38
4 56-65    19909         0.137             29.2           6.72             9.16
5 66+      23949         0.266             15.8           3.46            10.9 
# ℹ 1 more variable: avg_last_trip_h <dbl>

=== SUMMARY STATISTICS (3-year bins, 2007–2024) ===
# A tibble: 30 × 13
   AgeGroup YearBin       n share_no_trips avg_distance_km sd_distance_km
   <ord>    <ord>     <int>          <dbl>           <dbl>          <dbl>
 1 10-17    2007–2009  3792         0.0736            14.3           28.2
 2 18-30    2007–2009  3992         0.0794            28.9           41.5
 3 31-55    2007–2009 11235         0.0784            36.0           51.9
 4 56-65    2007–2009  4669         0.140             27.3           46.8
 5 66+      2007–2009  4270         0.258             15.5           33.5
 6 10-17    2010–2012  4229         0.0865            13.7           24.6
 7 18-30    2010–2012  4395         0.0840            28.5           41.7
 8 31-55    2010–2012 12308         0.0823            34.4           47.9
 9 56-65    2010–2012  5369         0.159             26.9           45.4
10 66+      2010–2012  5513         0.288             14.8           33.7
11 10-17    2013–2015  2028         0.0858            12.8           23.9
12 18-30    2013–2015  2693         0.0917            29.1           43.1
13 31-55    2013–2015  6323         0.0702            37.6           52.4
14 56-65    2013–2015  2429         0.132             28.0           43.5
15 66+      2013–2015  2875         0.258             16.6           35.7
16 10-17    2016–2018  2552         0.0925            15.0           24.1
17 18-30    2016–2018  2973         0.0915            29.7           45.8
18 31-55    2016–2018  6449         0.0737            38.4           52.3
19 56-65    2016–2018  2495         0.115             32.8           51.3
20 66+      2016–2018  3378         0.251             16.4           34.8
21 10-17    2019–2021  1854         0.106             13.0           26.8
22 18-30    2019–2021  2980         0.109             26.5           42.3
23 31-55    2019–2021  5847         0.0891            33.6           48.3
24 56-65    2019–2021  2149         0.124             32.6           50.9
25 66+      2019–2021  3480         0.280             16.7           36.4
26 10-17    2022–2024  2112         0.104             13.6           27.7
27 18-30    2022–2024  3584         0.114             27.2           44.9
28 31-55    2022–2024  6813         0.101             33.9           49.3
29 56-65    2022–2024  2798         0.124             32.2           48.5
30 66+      2022–2024  4433         0.254             15.7           33.6
# ℹ 7 more variables: avg_hours_away <dbl>, sd_hours_away <dbl>,
#   avg_first_trip_h <dbl>, sd_first_trip_h <dbl>, n_trippers <int>,
#   avg_last_trip_h <dbl>, sd_last_trip_h <dbl>

=== GENERATING LATEX TABLE S1 ===

✓ Descriptive summaries and LaTeX Table S1 saved to:
   results/baseline/ 

=== GENERATING SUPPLEMENTARY FIGURE S7 ===
Advarselsbesked:
Using `size` aesthetic for lines was deprecated in ggplot2 3.4.0.
ℹ Please use `linewidth` instead. 

✓ Supplementary Figure S7 saved to:
   ../Overleaf_source/figures/Figure_R2_S7.png 

=== GENERATING TABLE 1 AND TABLE S1 BODIES ===
  ok table_main1_descriptive.tex -> ../Overleaf_source/tables/table_main1_descriptive.tex 
  ok table_s1_descriptive.tex -> ../Overleaf_source/tables/table_s1_descriptive.tex 
Advarselsbesked:
lukker ubrugt RODBC-håndtag 1 
