
=== STEP 8: BOOTSTRAP ARROW-FAN UNCERTAINTY (R2 VERSION) ===

Scenario   : baseline 
Replicates : 500 

Loading step 4 KDE-based point estimates...
  ✓ KDE drift vectors (full) loaded
  ✓ KDE drift vectors (pre-pandemic) loaded

Loading grid_mv_step2.rds...
  ✓ Loaded: 11,072,448 rows, 115,338 sessions

Precomputing per-cell KDE structures for the Eq. (7) bootstrap...
  OK 30 of 30 age-period cells prepared

Running 500 bootstrap replicates (Full Scenario)...
    replicate 50 / 500 
    replicate 100 / 500 
    replicate 150 / 500 
    replicate 200 / 500 
    replicate 250 / 500 
    replicate 300 / 500 
    replicate 350 / 500 
    replicate 400 / 500 
    replicate 450 / 500 
    replicate 500 / 500 
  OK Full Scenario Bootstrap complete

Running 500 bootstrap replicates (Pre-Pandemic)...
  OK Pre-Pandemic Bootstrap complete

  ✓ bootstrap_summary.csv saved
  OK bootstrap_timing_summary.csv saved
# A tibble: 5 × 7
  AgeGroup hour_base hour_end hour_shift hour_shift_median hour_shift_lo
  <chr>        <dbl>    <dbl>      <dbl>             <dbl>         <dbl>
1 10-17         12.9     12.8    -0.0859           -0.0877        -0.18 
2 18-30         13.6     13.3    -0.213            -0.214         -0.296
3 31-55         12.9     12.7    -0.161            -0.163         -0.215
4 56-65         13.0     12.8    -0.223            -0.224         -0.318
5 66+           14.1     14.0    -0.0581           -0.0572        -0.214
# ℹ 1 more variable: hour_shift_hi <dbl>
  ✓ prepandemic_drift_summary.csv saved
  ✓ prepandemic_drift_replicates.csv saved

--- Pre-pandemic drift (2007-2009 to 2016-2018) ---
 AgeGroup      dx   dx_lo  dx_hi dx_significant     dy   dy_lo  dy_hi
    10-17  0.0180  0.0101 0.0259           TRUE 0.5459  0.0980 1.0095
    18-30 -0.0110 -0.0218 0.0001          FALSE 0.4539 -0.2601 1.3086
    31-55  0.0086  0.0026 0.0152           TRUE 1.3449  0.8700 1.8857
    56-65  0.0312  0.0195 0.0413           TRUE 0.9642  0.0572 1.7853
      66+  0.0064  0.0000 0.0127          FALSE 1.7652  0.4718 3.0605
 dy_significant
           TRUE
          FALSE
           TRUE
           TRUE
           TRUE

Creating Figure_R2_6a.png...
  exported as Figure_R2_6a.png 
  ✓ Figure_R2_6a.png saved to Overleaf and results
Creating Figure_R2_S8.png...
  ✓ Figure_R2_S8.png saved to Overleaf and results
Creating diagnostic % change distribution plot...
  ✓ bootstrap_pct_change.png saved

=== STEP 8 COMPLETE: Bootstrap Arrow-Fan Uncertainty (R2 Version) ===

