Scenario: baseline 
Input:    data/kernels/baseline 
Output:   results/baseline 

Reading inputs from:  data/kernels/baseline 
Writing outputs to:   results/baseline 
Indlæser krævet pakke: viridisLite

Vedhæfter pakke: 'scales'

Det følgende objekt er maskeret fra 'package:viridis':

    viridis_pal


Vedhæfter pakke: 'dplyr'

De følgende objekter er maskerede fra 'package:stats':

    filter, lag

De følgende objekter er maskerede fra 'package:base':

    intersect, setdiff, setequal, union


======================================================================
DIAGNOSTIC MODE - CHECKING YOUR DATA
======================================================================

1. BASELINE_KDE structure:
   Rows: 46080 
   Columns: AgeGroup, t, d, density 
# A tibble: 6 × 4
  AgeGroup     t     d  density
  <fct>    <dbl> <dbl>    <dbl>
1 10-17        0 0     6.65e- 2
2 10-17        0 0.632 1.96e-86
3 10-17        0 1.26  5.07e-86
4 10-17        0 1.89  1.02e-85
5 10-17        0 2.53  1.58e-85
6 10-17        0 3.16  1.90e-85

2. Density statistics:
   Min density: 7.801701e-162 
   Max density: 0.06664141 
   Median density: 2.786259e-05 

3. Distance distribution:
# A tibble: 10 × 3
       d     n mean_dens
   <dbl> <int>     <dbl>
 1 0       480  0.0512  
 2 0.632   480  0.00107 
 3 1.26    480  0.00119 
 4 1.89    480  0.00116 
 5 2.53    480  0.00103 
 6 3.16    480  0.000884
 7 3.79    480  0.000751
 8 4.42    480  0.000644
 9 5.05    480  0.000560
10 5.68    480  0.000492

4. Home vs Away split:
# A tibble: 2 × 4
  location n_cells total_density mean_density
  <chr>      <int>         <dbl>        <dbl>
1 away       45600          7.43     0.000163
2 home         480         24.6      0.0512  

   Added mass column: density * dt * dd

5. Total probability mass by age group:
# A tibble: 5 × 2
  AgeGroup total_mass
  <fct>         <dbl>
1 10-17             1
2 18-30             1
3 31-55             1
4 56-65             1
5 66+               1

6. Home probability calculation:
   Home probability range: [0.246, 1.000] 

   Sample home probabilities for Age 31-55:
# A tibble: 10 × 5
   AgeGroup     t home_mass total_mass prob_home
   <fct>    <dbl>     <dbl>      <dbl>     <dbl>
 1 31-55    0        0.0104     0.0104     1    
 2 31-55    0.253    0.0104     0.0104     1    
 3 31-55    0.505    0.0104     0.0104     1    
 4 31-55    0.758    0.0104     0.0104     1    
 5 31-55    1.01     0.0104     0.0104     1    
 6 31-55    1.26     0.0104     0.0104     1    
 7 31-55    1.52     0.0104     0.0104     1.000
 8 31-55    1.77     0.0104     0.0104     1.000
 9 31-55    2.02     0.0104     0.0104     1.000
10 31-55    2.27     0.0104     0.0104     1.000

7. DIFF_KDE structure:
   Rows: 276480 
   Columns: AgeGroup, year_bin, t, d, diff_density 
# A tibble: 6 × 5
  AgeGroup year_bin      t     d diff_density
  <fct>    <fct>     <dbl> <dbl>        <dbl>
1 10-17    2007–2009     0 0         1.70e- 5
2 10-17    2007–2009     0 0.632     9.62e-86
3 10-17    2007–2009     0 1.26      2.49e-85
4 10-17    2007–2009     0 1.89      4.99e-85
5 10-17    2007–2009     0 2.53      7.75e-85
6 10-17    2007–2009     0 3.16      9.33e-85

8. YEARBIN_KDE structure:
   Rows: 276480 
   Columns: AgeGroup, year_bin, t, d, density 
   Periods: 2007–2009, 2010–2012, 2013–2015, 2016–2018, 2019–2021, 2022–2024 

======================================================================
CREATING FIXED VISUALIZATIONS
======================================================================

1. Creating FIXED home probability plot...
   ✓ Saved: kde_home_ACTUALLY_FIXED.png

2. Creating away-time plot with AGGRESSIVE filtering...
   Density quantiles:
     10th: 2.62e-07
     90th: 4.64e-04
     95th: 8.66e-04
     99th: 2.07e-03
   Using color limits: [2.62e-07, 8.66e-04]
   ✓ Saved: kde_away_AGGRESSIVE_FILTER.png

3. Attempting to create difference maps...
   diff_kde columns: AgeGroup, year_bin, t, d, diff_density 
   Found 'diff_density' column
   Difference range: [-7.29e-04, 1.03e-03]
   Using symmetric limits: [-4.20e-05, 4.20e-05]
   ✓ Saved: kde_DIFFERENCE_maps_FIXED.png

4. Creating year-bin comparison...
   Available periods: 2007–2009, 2010–2012, 2013–2015, 2016–2018, 2019–2021, 2022–2024 
   Comparing: 1 vs 6 
   ✓ Saved: kde_YEARBIN_comparison_FIXED.png

======================================================================
COMPLETE!
======================================================================

📁 Check your output directory:
    results/baseline 

📊 Files created:
  1. kde_home_ACTUALLY_FIXED.png - Should show proper 60-100% curves
  2. kde_away_AGGRESSIVE_FILTER.png - 10th-95th percentile for contrast
  3. kde_DIFFERENCE_maps_FIXED.png - Red/blue difference maps
  4. kde_YEARBIN_comparison_FIXED.png - Early vs late periods

💡 If plots still look wrong, review the diagnostic output above!
======================================================================
Reading inputs from:  data/kernels/baseline 
Writing outputs to:   results/baseline 

=== CREATING TRANSPOSED DIFFERENCE MAPS ===
Layout: Age groups as ROWS, year periods as COLUMNS
Rows in diff_kde: 276480 
Rows after away-filter: 273600 
Color limits (5–95%): [-4.20e-05, 4.20e-05]

✓ Saved: kde_DIFFERENCE_by_cohort_SHARP.png
✓ Saved: kde_DIFFERENCE_by_cohort_aggressive_SHARP.png
✓ Saved: kde_DIFFERENCE_by_cohort_PUBLICATION.png

=== TRANSPOSITION COMPLETE ===
Layout now:
  Rows: Age Groups (10-17, 18-30, 31-55, etc.)
  Columns: Year Periods (2007-2009, 2010-2012, etc.)
Each horizontal strip shows one cohort's evolution across time

Advarselsbeskeder:
1: Using ragg device as default. Ignoring `type` and `antialias` arguments 
2: Using ragg device as default. Ignoring `type` and `antialias` arguments 
3: I plot_theme(plot) :
  The `base_size` theme element is not defined in the element hierarchy.
4: Using ragg device as default. Ignoring `type` and `antialias` arguments 
5: I plot_theme(plot) :
  The `base_size` theme element is not defined in the element hierarchy.

=== STEP 3: TEMPORAL ANALYSIS ===

Loading from:  data/kernels/baseline 
Saving to:     results/baseline 

  ✓ Loaded files
  Baseline: 480 rows
  Year-bin: 2880 rows

Computing temporal statistics...
  ✓ Baseline statistics ( 5  rows)
# A tibble: 5 × 10
  AgeGroup mean_hour median_hour peak_hour morning_6_12 midday_12_18
  <fct>        <dbl>       <dbl>     <dbl>        <dbl>        <dbl>
1 10-17         12.9        12.1      11.1        0.462        0.420
2 18-30         13.5        13.1      11.9        0.379        0.454
3 31-55         12.8        12.4      11.4        0.436        0.457
4 56-65         12.9        12.4      11.4        0.429        0.453
5 66+           14.1        13.6      11.4        0.325        0.493
# ℹ 4 more variables: evening_18_24 <dbl>, total_away <dbl>, sd_hour <dbl>,
#   Period <chr>

  ✓ Year-bin statistics ( 30  rows)
# A tibble: 10 × 10
   AgeGroup Period    mean_hour median_hour peak_hour morning_6_12 midday_12_18
   <fct>    <fct>         <dbl>       <dbl>     <dbl>        <dbl>        <dbl>
 1 10-17    2007–2009      13.0        12.1      10.9        0.454        0.413
 2 10-17    2010–2012      13.0        12.1      10.9        0.461        0.404
 3 10-17    2013–2015      12.8        12.1      11.4        0.466        0.418
 4 10-17    2016–2018      12.8        12.1      11.9        0.457        0.437
 5 10-17    2019–2021      12.7        12.1      11.6        0.472        0.425
 6 10-17    2022–2024      12.8        12.1      11.6        0.464        0.424
 7 18-30    2007–2009      13.7        13.1      12.1        0.366        0.449
 8 18-30    2010–2012      13.6        13.1      11.9        0.375        0.442
 9 18-30    2013–2015      13.6        13.1      11.9        0.376        0.458
10 18-30    2016–2018      13.5        13.1      12.4        0.376        0.461
# ℹ 3 more variables: evening_18_24 <dbl>, total_away <dbl>, sd_hour <dbl>

Computing shifts from baseline...
  ✓ Shifts computed ( 30  rows)
# A tibble: 10 × 10
   AgeGroup Period shift_mean shift_median shift_peak shift_morning shift_midday
   <fct>    <fct>       <dbl>        <dbl>      <dbl>         <dbl>        <dbl>
 1 10-17    2007–…    0.158              0     -0.253     -0.00750      -0.00759
 2 10-17    2010–…    0.103              0     -0.253     -0.000913     -0.0162 
 3 10-17    2013–…   -0.0372             0      0.253      0.00355      -0.00184
 4 10-17    2016–…   -0.0445             0      0.758     -0.00467       0.0170 
 5 10-17    2019–…   -0.145              0      0.505      0.00955       0.00525
 6 10-17    2022–…   -0.0633             0      0.505      0.00241       0.00355
 7 18-30    2007–…    0.179              0      0.253     -0.0132       -0.00423
 8 18-30    2010–…    0.110              0      0         -0.00423      -0.0114 
 9 18-30    2013–…    0.0234             0      0         -0.00335       0.00442
10 18-30    2016–…    0.00168            0      0.505     -0.00343       0.00711
# ℹ 3 more variables: shift_evening <dbl>, shift_total_away <dbl>,
#   shift_sd <dbl>

Creating plots...
  ✓ temporal_profiles_all_ages.png
  ✓ mean_time_shift.png
  ✓ window_shifts.png
  ✓ heatmap_time_shift.png
  ✓ peak_time_shift.png

Saving data tables...
  ✓ temporal_shifts.csv
  ✓ temporal_statistics.csv

======================================================================
STEP 3 COMPLETE!
= = = = = = = = = = = = = = = = = = = = = = = = = = = = = = = = = = = = = = = = = = = = = = = = = = = = = = = = = = = = = = = = = = = = = = 

=== STEP 4 REVISED: ARITHMETIC MEAN BASELINE ===

Loading from:  data/kernels/baseline 
Saving to:     results/baseline 

Using HOME_CUTOFF =  0.02  km (must match Step 2)

Loading KDE densities from Step 2...
  ✓ Loaded year-bin KDE ( 276480 rows)

Computing trip-weighted action-space metrics...

Computing year-bin metrics for all periods...
  Eq. (7) reference: 'base5' over 5 periods, per age group
  ✓ Year-bin metrics ( 30  rows)
# A tibble: 12 × 8
   AgeGroup Period    fraction_away mean_distance mean_distance_active volume
   <fct>    <fct>             <dbl>         <dbl>                <dbl>  <dbl>
 1 10-17    2007–2009         0.278          1.42                 5.14   34.0
 2 10-17    2010–2012         0.273          1.50                 5.52   35.9
 3 10-17    2013–2015         0.279          1.52                 5.55   36.5
 4 10-17    2016–2018         0.296          1.65                 5.68   39.5
 5 10-17    2019–2021         0.255          1.42                 5.73   34.1
 6 10-17    2022–2024         0.270          1.55                 5.87   37.1
 7 18-30    2007–2009         0.301          3.25                10.9    77.9
 8 18-30    2010–2012         0.286          3.12                11.0    75.0
 9 18-30    2013–2015         0.287          3.26                11.4    78.2
10 18-30    2016–2018         0.290          3.27                11.4    78.5
11 18-30    2019–2021         0.264          3.25                12.4    78.0
12 18-30    2022–2024         0.268          3.20                12.0    76.8
# ℹ 2 more variables: dist_p90 <dbl>, var_distance <dbl>

Computing baseline as arithmetic mean across periods...
  ✓ Baseline metrics computed from period averages:
# A tibble: 5 × 8
  AgeGroup fraction_away mean_distance mean_distance_active volume dist_p90
  <fct>            <dbl>         <dbl>                <dbl>  <dbl>    <dbl>
1 10-17           0.275          1.51                  5.58   36.2     9.78
2 18-30           0.283          3.22                 11.5    77.4    14.6 
3 31-55           0.288          3.84                 13.5    92.2    14.5 
4 56-65           0.226          2.98                 13.2    71.5    14.7 
5 66+             0.0888         0.962                10.9    23.1    20.7 
# ℹ 2 more variables: var_distance <dbl>, Period <chr>

COMPARISON: This baseline is now the arithmetic mean of the six period values,
            NOT the pooled KDE baseline from Step 2.

Computing changes from arithmetic mean baseline...
  ✓ Changes computed ( 30  rows)

Sample of percentage changes:
# A tibble: 30 × 5
   AgeGroup Period    mean_distance_active mean_distance_active_baseline
   <fct>    <fct>                    <dbl>                         <dbl>
 1 10-17    2007–2009                 5.14                          5.58
 2 10-17    2010–2012                 5.52                          5.58
 3 10-17    2013–2015                 5.55                          5.58
 4 10-17    2016–2018                 5.68                          5.58
 5 10-17    2019–2021                 5.73                          5.58
 6 10-17    2022–2024                 5.87                          5.58
 7 18-30    2007–2009                10.9                          11.5 
 8 18-30    2010–2012                11.0                          11.5 
 9 18-30    2013–2015                11.4                          11.5 
10 18-30    2016–2018                11.4                          11.5 
# ℹ 20 more rows
# ℹ 1 more variable: pct_change_distance <dbl>

VALIDATION: Sum of percentage changes by age group (should be ≈ 0):
# A tibble: 5 × 3
  AgeGroup sum_pct_change sum_absolute_change
  <fct>             <dbl>               <dbl>
1 10-17         -4.85e-14           -2.66e-15
2 18-30          4.63e-14            5.33e-15
3 31-55          2.70e-14            3.55e-15
4 56-65          4.09e-14            5.33e-15
5 66+            1.61e-14            1.78e-15

Creating updated plots...
  ✓ mean_distance_trend_TRIPWEIGHTED_REVISED.png
  ✓ action_space_trajectory_TRIPWEIGHTED.png
  ✓ mobility_decomposition_TRIPWEIGHTED_REVISED.png
  ✓ distance_change_heatmap_TRIPWEIGHTED_REVISED.png

Creating summary table...

=== Summary: Trip-weighted distance by age group ===
# A tibble: 5 × 6
  AgeGroup baseline_dist mean_dist min_dist max_dist range_dist
  <fct>            <dbl>     <dbl>    <dbl>    <dbl>      <dbl>
1 10-17             5.58      5.58     5.14     5.87       0.73
2 18-30            11.5      11.5     10.9     12.4        1.46
3 31-55            13.5      13.5     12.4     14.3        1.85
4 56-65            13.2      13.2     11.9     14.8        2.89
5 66+              10.9      10.9      9.65    12.0        2.33

Saving data tables...
  ✓ action_space_metrics_TRIPWEIGHTED.csv
  ✓ action_space_changes_TRIPWEIGHTED_REVISED.csv

======================================================================
KEY DIFFERENCES FROM ORIGINAL VERSION:
======================================================================

ORIGINAL APPROACH:
  • Baseline = pooled KDE on all 2007-2024 data
  • Dashed lines ≠ arithmetic mean of visible points
  • Heatmap values relative to pooled baseline

REVISED APPROACH:
  • Baseline = arithmetic mean of six period values
  • Dashed lines = arithmetic mean of visible points
  • Heatmap values relative to arithmetic mean
  • Changes now sum to ≈0 for each age group

VISUAL CONSISTENCY:
  • Line plot and heatmap now use SAME baseline definition
  • Dashed lines directly interpretable from data
  • Percentage changes balanced around zero

======================================================================
STEP 4 REVISED COMPLETE - ARITHMETIC MEAN BASELINE
======================================================================

NEW plots created (with _REVISED suffix):
  1. mean_distance_trend_TRIPWEIGHTED_REVISED.png
  2. action_space_trajectory_TRIPWEIGHTED_REVISED.png
  3. mobility_decomposition_TRIPWEIGHTED_REVISED.png
  4. distance_change_heatmap_TRIPWEIGHTED_REVISED.png

NEW data tables (with _REVISED suffix):
  • action_space_metrics_TRIPWEIGHTED.csv
  • action_space_changes_TRIPWEIGHTED.csv

NEXT STEPS:
  1. Compare _REVISED.png files with originals
  2. Verify that heatmap values now make sense
  3. Check that dashed lines in trend plot equal arithmetic mean
  4. Update manuscript captions accordingly

All outputs saved to:  results/baseline 

======================================================================

=== Creating drift vector visualization with COMBINED BASELINE ===

Kernel inputs from:  data/kernels/baseline 
Step outputs to:      results/baseline 


=== LOADING STEP 4 RESULTS ===
âœ“ Loaded Step 4 results
Available periods:  Baseline (2007-2009), 2007-2009, 2010-2012, 2013-2015, 2016-2018, 2019-2021, 2022-2024 

     Period end_year
1 2007-2009     2009
2 2010-2012     2012
3 2013-2015     2015
4 2016-2018     2018
5 2019-2021     2021
6 2022-2024     2024
Baseline period: Baseline (2007-2009)
Year-bin periods (ordered):  2007-2009, 2010-2012, 2013-2015, 2016-2018, 2019-2021, 2022-2024 


=== DRIFT VECTOR CALCULATIONS ===
# A tibble: 5 × 11
  AgeGroup x_start y_start  x_end y_end       dx     dy magnitude angle
  <chr>      <dbl>   <dbl>  <dbl> <dbl>    <dbl>  <dbl>     <dbl> <dbl>
1 10-17     0.275     5.58 0.270   5.87 -0.00477 0.290     0.290   90.9
2 18-30     0.283    11.5  0.268  12.0  -0.0145  0.483     0.483   91.7
3 31-55     0.288    13.5  0.274  14.3  -0.0141  0.777     0.777   91.0
4 56-65     0.226    13.2  0.242  14.8   0.0161  1.57      1.57    89.4
5 66+       0.0888   10.9  0.0925 10.9   0.00364 0.0866    0.0867  87.6
# ℹ 2 more variables: pct_change_distance <dbl>, pct_change_time <dbl>

=== CALCULATING TRAJECTORY-AVERAGED DRIFT VECTORS ===

All periods (ordered): 2007-2009 -> 2010-2012 -> 2013-2015 -> 2016-2018 -> 2019-2021 -> 2022-2024 

Computing vector: 2007-2009 -> 2010-2012
Computing vector: 2010-2012 -> 2013-2015
Computing vector: 2013-2015 -> 2016-2018
Computing vector: 2016-2018 -> 2019-2021
Computing vector: 2019-2021 -> 2022-2024

Trajectory-averaged drift vectors:
# A tibble: 5 × 6
  AgeGroup    dx_avg dy_avg magnitude angle n_transitions
  <chr>        <dbl>  <dbl>     <dbl> <dbl>         <int>
1 10-17    -0.00150   0.147     0.147  90.6             5
2 18-30    -0.00651   0.218     0.218  91.7             5
3 31-55    -0.00405   0.370     0.370  90.6             5
4 56-65     0.00610   0.577     0.577  89.4             5
5 66+       0.000982  0.260     0.260  89.8             5

Creating trajectory-averaged drift visualization...
✓ Trajectory-averaged drift plot saved

=== COMPARISON: Endpoint vs Trajectory-Averaged Drift ===

# A tibble: 5 × 15
  AgeGroup dx_endpoint dy_endpoint mag_endpoint angle_endpoint dx_trajectory
  <chr>          <dbl>       <dbl>        <dbl>          <dbl>         <dbl>
1 10-17       -0.00477      0.290        0.290            90.9     -0.00150 
2 18-30       -0.0145       0.483        0.483            91.7     -0.00651 
3 31-55       -0.0141       0.777        0.777            91.0     -0.00405 
4 56-65        0.0161       1.57         1.57             89.4      0.00610 
5 66+          0.00364      0.0866       0.0867           87.6      0.000982
# ℹ 9 more variables: dy_trajectory <dbl>, mag_trajectory <dbl>,
#   angle_trajectory <dbl>, dx_diff <dbl>, dy_diff <dbl>, mag_diff <dbl>,
#   angle_diff <dbl>, dx_pct_diff <dbl>, dy_pct_diff <dbl>

Key differences:
  10-17:
    - Time direction: +68.6% difference
    - Distance direction: -49.4% difference
    - Magnitude: 0.290 (endpoint) vs 0.147 (trajectory-avg), diff = -0.143
  18-30:
    - Time direction: +55.1% difference
    - Distance direction: -54.9% difference
    - Magnitude: 0.483 (endpoint) vs 0.218 (trajectory-avg), diff = -0.265
  31-55:
    - Time direction: +71.3% difference
    - Distance direction: -52.4% difference
    - Magnitude: 0.777 (endpoint) vs 0.370 (trajectory-avg), diff = -0.407
  56-65:
    - Time direction: -62.0% difference
    - Distance direction: -63.2% difference
    - Magnitude: 1.567 (endpoint) vs 0.577 (trajectory-avg), diff = -0.989
  66+:
    - Time direction: -73.0% difference
    - Distance direction: +200.2% difference
    - Magnitude: 0.087 (endpoint) vs 0.260 (trajectory-avg), diff = +0.173

✓ Comparison data saved

=== DRIFT INTERPRETATIONS ===

# A tibble: 5 × 5
  AgeGroup distance_interpretation   time_interpretation overall_trend magnitude
  <chr>    <chr>                     <chr>               <chr>             <dbl>
1 10-17    STABLE: 0.29 km (+5.2%)   -1.7% less time aw… Relatively s…    0.290 
2 18-30    STABLE: 0.48 km (+4.2%)   -5.1% less time aw… Relatively s…    0.483 
3 31-55    STABLE: 0.78 km (+5.7%)   -4.9% less time aw… Relatively s…    0.777 
4 56-65    EXPANDING: +1.57 km (+11… +7.1% more time aw… Expanding bo…    1.57  
5 66+      STABLE: 0.09 km (+0.8%)   +4.1% more time aw… Relatively s…    0.0867

=== SUMMARY STATISTICS ===

Overall trends from baseline (2007-2009) to 2022-2024 :
- Average distance change: 0.64 km
- Average % distance change: 5.6 %
- Average time away change: -0.1 %
- Groups expanding (>10%): 1 
- Groups contracting (<-10%): 0 
- Groups stable (Â±10%): 4 


=== SAVING OUTPUTS ===

âœ“ All drift analysis outputs saved!
  Files created:
  - drift_vectors_COMBINED_BASELINE.png (main visualization)
  - drift_vectors_MINIMAL_COMBINED.png (minimal version)
  - drift_vectors_TRAJECTORY_AVERAGED.png (trajectory-averaged)
  - mobility_trajectories_FULL.png (full time series)
  - drift_interpretation_COMBINED_BASELINE.csv (interpretation)
  - drift_vectors_data_COMBINED_BASELINE.csv (raw data)
  - drift_comparison_endpoint_vs_trajectory.csv (comparison)

=============================================================
STEP 5 COMPLETE: Drift vector analysis with combined baseline
                 including trajectory-averaged drift option
=============================================================


=== STEP 6: COMPUTING PATH COMPLEXITY METRICS ===


=== STEP 6: LOADING STEP 5 OBJECTS ===
Computing tortuosity metrics...

=== TORTUOSITY RESULTS ===
# A tibble: 5 × 7
  AgeGroup path_length n_segments mean_segment_length endpoint_displacement
  <chr>          <dbl>      <int>               <dbl>                 <dbl>
1 10-17          0.751          5               0.150                 0.734
2 18-30          1.93           5               0.387                 1.09 
3 31-55          1.85           5               0.370                 1.85 
4 56-65          3.77           5               0.754                 2.89 
5 66+            3.36           5               0.673                 1.30 
# ℹ 2 more variables: tortuosity <dbl>, path_type <chr>

Interpretation:
- Tortuosity = 1.0: Perfectly straight path
- Tortuosity = 1.5: Path is 50% longer than straight line
- Higher values indicate more meandering/fluctuations

Computing directional dispersion...

=== DIRECTIONAL DISPERSION RESULTS ===
# A tibble: 5 × 9
  AgeGroup mean_angle_rad mean_angle_deg     R circular_variance circular_sd
  <chr>             <dbl>          <dbl> <dbl>             <dbl>       <dbl>
1 10-17              1.62           92.6 0.945           0.0547        19.2 
2 18-30              1.65           94.4 0.199           0.801        103.  
3 31-55              1.58           90.8 0.998           0.00155        3.19
4 56-65              1.55           88.7 0.601           0.399         57.9 
5 66+                1.57           89.9 0.600           0.400         57.9 
# ℹ 3 more variables: angle_sd_approx <dbl>, n_transitions <int>,
#   consistency <chr>

Interpretation:
- R (Mean Resultant Length): 0-1 scale
  * R close to 1: All vectors point in nearly same direction (consistent)
  * R close to 0: Vectors point in many different directions (dispersed)
- Circular SD: Angular spread in degrees
  * Low values: Tight angular clustering
  * High values: Wide angular spread


=== COMBINED PATH COMPLEXITY METRICS ===
# A tibble: 5 × 8
  AgeGroup endpoint_displacement path_length tortuosity path_type              R
  <chr>                    <dbl>       <dbl>      <dbl> <chr>              <dbl>
1 10-17                    0.734       0.751       1.02 Nearly straight    0.945
2 18-30                    1.09        1.93        1.77 Highly tortuous    0.199
3 31-55                    1.85        1.85        1.00 Nearly straight    0.998
4 56-65                    2.89        3.77        1.31 Moderately winding 0.601
5 66+                      1.30        3.36        2.59 Highly tortuous    0.600
# ℹ 2 more variables: circular_sd <dbl>, consistency <chr>

Creating visualizations...

Generating LaTeX tables...
  ✓ table_path_complexity.tex
  ✓ table_path_complexity_simple.tex
  ✓ table_drift_comparison.tex

✓ Path complexity analysis complete!
  Files created:
  - path_tortuosity.png
  - directional_consistency.png
  - path_complexity_combined.png
  - path_complexity_metrics.csv
  - sequential_vectors_with_angles.csv
  - table_path_complexity.tex
  - table_path_complexity_simple.tex
  - table_drift_comparison.tex

=============================================================
STEP 6 COMPLETE: Path complexity metrics and LaTeX tables
=============================================================

